Starting org.bukkit.craftbukkit.Main
2026-03-06T15:48:06.874159Z ServerMain WARN Advanced terminal features are not available in this environment
[10:48:06 INFO]: [bootstrap] Running Java 21 (OpenJDK 64-Bit Server VM 21.0.10; Homebrew Homebrew) on Mac OS X 26.3 (aarch64)
[10:48:06 INFO]: [bootstrap] Loading Paper 1.21.4-225-main@0767902 (2025-04-11T21:49:39Z) for Minecraft 1.21.4
[10:48:07 INFO]: [PluginInitializerManager] Initializing plugins...
[10:48:07 INFO]: [PluginInitializerManager] Initialized 20 plugins
[10:48:07 INFO]: [PluginInitializerManager] Paper plugins (1):
 - EconomyShopGUI (6.10.2)
[10:48:07 INFO]: [PluginInitializerManager] Bukkit plugins (19):
 - BentoBox (3.2.3), ChunkLoader (3.2.1), DeluxeHub (3.5.5), DiscordSRV (1.29.0), Essentials (2.21.1-dev+14-3f5b122), EssentialsChat (2.21.0-dev+164-1a4d75c), EssentialsProtect (2.21.1-dev+14-3f5b122), Geyser-Spigot (2.7.1-SNAPSHOT), GroupManager (3.2 (Phoenix)), HeadsPlus (7.1.5), Multiverse-Core (4.3.13), Multiverse-Inventories (4.2.6), PlaceholderAPI (2.11.6), Vault (1.7.3-b131), ViaBackwards (5.3.2), ViaRewind (4.0.7), ViaVersion (5.3.2), dynmap (3.7-SNAPSHOT-968), floodgate (2.2.4-SNAPSHOT (b116-0e3163c))
[10:48:08 INFO]: Environment: Environment[sessionHost=https://sessionserver.mojang.com, servicesHost=https://api.minecraftservices.com, name=PROD]
[10:48:09 INFO]: Loaded 1370 recipes
[10:48:09 INFO]: Loaded 1481 advancements
[10:48:09 INFO]: [MCTypeRegistry] Initialising converters for DataConverter...
[10:48:09 INFO]: [MCTypeRegistry] Finished initialising converters for DataConverter in 72,4ms
[10:48:09 INFO]: Starting minecraft server version 1.21.4
[10:48:09 INFO]: Loading properties
[10:48:09 INFO]: This server is running Paper version 1.21.4-225-main@0767902 (2025-04-11T21:49:39Z) (Implementing API version 1.21.4-R0.1-SNAPSHOT)
[10:48:09 INFO]: [spark] This server bundles the spark profiler. For more information please visit https://docs.papermc.io/paper/profiling
[10:48:09 INFO]: Server Ping Player Sample Count: 12
[10:48:09 INFO]: Using 4 threads for Netty based IO
[10:48:09 INFO]: [MoonriseCommon] Paper is using 2 worker threads, 1 I/O threads
[10:48:09 INFO]: [ChunkTaskScheduler] Chunk system is using population gen parallelism: true
[10:48:09 INFO]: Default game type: SURVIVAL
[10:48:09 INFO]: Generating keypair
[10:48:09 INFO]: Starting Minecraft server on *:25565
[10:48:09 INFO]: Using default channel type
[10:48:10 INFO]: Paper: Using libdeflate (macOS ARM64 / Apple Silicon) compression from Velocity.
[10:48:10 INFO]: Paper: Using native (macOS ARM64 / Apple Silicon) cipher from Velocity.
[10:48:10 INFO]: [SpigotLibraryLoader] [GroupManager] Loading 6 libraries... please wait
[10:48:10 INFO]: [SpigotLibraryLoader] [GroupManager] Loaded library /Users/noxgamingqc/Minecraft server/libraries/org/postgresql/postgresql/42.4.2/postgresql-42.4.2.jar
[10:48:10 INFO]: [SpigotLibraryLoader] [GroupManager] Loaded library /Users/noxgamingqc/Minecraft server/libraries/org/checkerframework/checker-qual/3.5.0/checker-qual-3.5.0.jar
[10:48:10 INFO]: [SpigotLibraryLoader] [GroupManager] Loaded library /Users/noxgamingqc/Minecraft server/libraries/com/h2database/h2/2.1.214/h2-2.1.214.jar
[10:48:10 INFO]: [SpigotLibraryLoader] [GroupManager] Loaded library /Users/noxgamingqc/Minecraft server/libraries/mysql/mysql-connector-java/8.0.30/mysql-connector-java-8.0.30.jar
[10:48:10 INFO]: [SpigotLibraryLoader] [GroupManager] Loaded library /Users/noxgamingqc/Minecraft server/libraries/com/google/protobuf/protobuf-java/3.19.4/protobuf-java-3.19.4.jar
[10:48:10 INFO]: [SpigotLibraryLoader] [GroupManager] Loaded library /Users/noxgamingqc/Minecraft server/libraries/org/mariadb/jdbc/mariadb-java-client/3.0.7/mariadb-java-client-3.0.7.jar
[10:48:10 INFO]: [SpigotLibraryLoader] [GroupManager] Loaded library /Users/noxgamingqc/Minecraft server/libraries/com/zaxxer/HikariCP/5.0.1/HikariCP-5.0.1.jar
[10:48:10 INFO]: [SpigotLibraryLoader] [GroupManager] Loaded library /Users/noxgamingqc/Minecraft server/libraries/org/slf4j/slf4j-api/2.0.0/slf4j-api-2.0.0.jar
[10:48:10 INFO]: [SpigotLibraryLoader] [BentoBox] Loading 5 libraries... please wait
[10:48:10 INFO]: [SpigotLibraryLoader] [BentoBox] Loaded library /Users/noxgamingqc/Minecraft server/libraries/mysql/mysql-connector-java/8.0.27/mysql-connector-java-8.0.27.jar
[10:48:10 INFO]: [SpigotLibraryLoader] [BentoBox] Loaded library /Users/noxgamingqc/Minecraft server/libraries/com/google/protobuf/protobuf-java/3.11.4/protobuf-java-3.11.4.jar
[10:48:10 INFO]: [SpigotLibraryLoader] [BentoBox] Loaded library /Users/noxgamingqc/Minecraft server/libraries/org/mariadb/jdbc/mariadb-java-client/3.0.5/mariadb-java-client-3.0.5.jar
[10:48:10 INFO]: [SpigotLibraryLoader] [BentoBox] Loaded library /Users/noxgamingqc/Minecraft server/libraries/org/postgresql/postgresql/42.2.18/postgresql-42.2.18.jar
[10:48:10 INFO]: [SpigotLibraryLoader] [BentoBox] Loaded library /Users/noxgamingqc/Minecraft server/libraries/org/checkerframework/checker-qual/3.5.0/checker-qual-3.5.0.jar
[10:48:10 INFO]: [SpigotLibraryLoader] [BentoBox] Loaded library /Users/noxgamingqc/Minecraft server/libraries/org/mongodb/mongodb-driver/3.12.12/mongodb-driver-3.12.12.jar
[10:48:10 INFO]: [SpigotLibraryLoader] [BentoBox] Loaded library /Users/noxgamingqc/Minecraft server/libraries/org/mongodb/bson/3.12.12/bson-3.12.12.jar
[10:48:10 INFO]: [SpigotLibraryLoader] [BentoBox] Loaded library /Users/noxgamingqc/Minecraft server/libraries/org/mongodb/mongodb-driver-core/3.12.12/mongodb-driver-core-3.12.12.jar
[10:48:10 INFO]: [SpigotLibraryLoader] [BentoBox] Loaded library /Users/noxgamingqc/Minecraft server/libraries/com/zaxxer/HikariCP/5.0.1/HikariCP-5.0.1.jar
[10:48:10 INFO]: [SpigotLibraryLoader] [BentoBox] Loaded library /Users/noxgamingqc/Minecraft server/libraries/org/slf4j/slf4j-api/2.0.0-alpha1/slf4j-api-2.0.0-alpha1.jar
[10:48:10 INFO]: [PlaceholderAPI] Loading server plugin PlaceholderAPI v2.11.6
[10:48:10 INFO]: [Vault] Loading server plugin Vault v1.7.3-b131
[10:48:10 INFO]: [GroupManager] Loading server plugin GroupManager v3.2 (Phoenix)
[10:48:10 INFO]: [GroupManager] Dependencies: OK
[10:48:10 INFO]: [dynmap] Loading server plugin dynmap v3.7-SNAPSHOT-968
[10:48:10 INFO]: [dynmap] version=1.21.4-225-0767902 (MC: 1.21.4)
[10:48:10 INFO]: [dynmap] Mod Support API available
[10:48:10 INFO]: [BentoBox] Loading server plugin BentoBox v3.2.3
[10:48:10 INFO]: [Multiverse-Core] Loading server plugin Multiverse-Core v4.3.13
[10:48:10 INFO]: [DeluxeHub] Loading server plugin DeluxeHub v3.5.5
[10:48:10 INFO]: [floodgate] Loading server plugin floodgate v2.2.4-SNAPSHOT (b116-0e3163c)
[10:48:10 INFO]: [floodgate] Floodgate pris 197ms à se lancer
[10:48:10 INFO]: [ViaVersion] Loading server plugin ViaVersion v5.3.2
[10:48:10 INFO]: [ViaVersion] ViaVersion 5.3.2 is now loaded. Registering protocol transformers and injecting...
[10:48:10 INFO]: [ViaVersion] Loading block connection mappings ...
[10:48:10 INFO]: [ViaVersion] Using FastUtil Long2ObjectOpenHashMap for block connections
[10:48:11 INFO]: [ViaBackwards] Loading translations...
[10:48:11 INFO]: [ViaBackwards] Registering protocols...
[10:48:11 INFO]: [ViaRewind] Registering protocols...
[10:48:11 INFO]: [Essentials] Loading server plugin Essentials v2.21.1-dev+14-3f5b122
[10:48:11 INFO]: [Geyser-Spigot] Loading server plugin Geyser-Spigot v2.7.1-SNAPSHOT
[10:48:11 INFO]: [Geyser-Spigot] Chargement des extensions...
[10:48:11 INFO]: [Geyser-Spigot] 0 extension(s) chargé(s)
[10:48:11 INFO]: [EssentialsChat] Loading server plugin EssentialsChat v2.21.0-dev+164-1a4d75c
[10:48:11 INFO]: [ViaBackwards] Loading server plugin ViaBackwards v5.3.2
[10:48:11 INFO]: [EssentialsProtect] Loading server plugin EssentialsProtect v2.21.1-dev+14-3f5b122
[10:48:11 INFO]: [ChunkLoader] Loading server plugin ChunkLoader v3.2.1
[10:48:11 INFO]: [EconomyShopGUI] Loading server plugin EconomyShopGUI v6.10.2
[10:48:11 INFO]: [ViaRewind] Loading server plugin ViaRewind v4.0.7
[10:48:11 INFO]: [DiscordSRV] Loading server plugin DiscordSRV v1.29.0
[10:48:11 INFO]: [Multiverse-Inventories] Loading server plugin Multiverse-Inventories v4.2.6
[10:48:11 INFO]: [HeadsPlus] Loading server plugin HeadsPlus v7.1.5
[10:48:11 INFO]: Server permissions file permissions.yml is empty, ignoring it
[10:48:11 INFO]: [Vault] Enabling Vault v1.7.3-b131
[10:48:11 INFO]: [Vault] [Economy] Essentials Economy found: Waiting
[10:48:11 INFO]: [Vault] [Permission] GroupManager found: Waiting
[10:48:11 INFO]: [Vault] [Permission] SuperPermissions loaded as backup permission system.
[10:48:11 INFO]: [Vault] [Chat] GroupManager found: Waiting
[10:48:11 INFO]: [Vault] Enabled Version 1.7.3-b131
[10:48:11 INFO]: [BentoBox] Enabling BentoBox v3.2.3
[10:48:11 INFO]: [BentoBox] Loading Settings from config.yml...
[10:48:11 INFO]: [BentoBox] Saving default panels...
[10:48:11 INFO]: [BentoBox] Loading addons...
[10:48:11 INFO]: [BentoBox] Loaded 0 addons.
[10:48:11 INFO]: [ViaRewind] Enabling ViaRewind v4.0.7
[10:48:11 INFO]: Preparing level "world"
[10:48:12 INFO]: Preparing start region for dimension minecraft:overworld
[10:48:12 INFO]: Preparing spawn area: 0%
[10:48:12 INFO]: Time elapsed: 351 ms
[10:48:12 INFO]: Preparing start region for dimension minecraft:the_nether
[10:48:12 INFO]: Preparing spawn area: 0%
[10:48:12 INFO]: Time elapsed: 76 ms
[10:48:12 INFO]: Preparing start region for dimension minecraft:the_end
[10:48:12 INFO]: Preparing spawn area: 0%
[10:48:12 INFO]: Time elapsed: 31 ms
[10:48:12 INFO]: [PlaceholderAPI] Enabling PlaceholderAPI v2.11.6
[10:48:12 INFO]: [PlaceholderAPI] Fetching available expansion information...
[10:48:12 INFO]: [GroupManager] Enabling GroupManager v3.2 (Phoenix)
[10:48:12 INFO]: [GroupManager] OfflinePlayers cached ( 4 ).
[10:48:12 INFO]: [GroupManager] World Found: world
[10:48:12 INFO]: [GroupManager] Superperms support enabled.
[10:48:12 INFO]: [PlaceholderAPI] Successfully registered internal expansion: groupmanager [1.0.0]
[10:48:12 INFO]: [GroupManager] Add-ons: PlaceholderAPI v2.11.6
[10:48:12 INFO]: [GroupManager] Scheduled Data Saving is set for every 10 minutes!
[10:48:12 INFO]: [GroupManager] Backups will be retained for 24 hours!
[10:48:12 INFO]: [GroupManager] DataSource - YAML
[10:48:12 INFO]: [GroupManager] version 3.2 (Phoenix) is enabled!
[10:48:12 INFO]: [Vault][Permission] GroupManager hooked.
[10:48:12 INFO]: [Vault] [Vault][Chat] GroupManager - Chat hooked.
[10:48:12 INFO]: [dynmap] Enabling dynmap v3.7-SNAPSHOT-968
[10:48:12 INFO]: [dynmap] Added 21 custom biome mappings
[10:48:12 INFO]: [dynmap] Using GroupManager 3.2 (Phoenix) for access control
[10:48:12 INFO]: [dynmap] Mod Support processing completed
[10:48:13 INFO]: [dynmap] Loaded 27 shaders.
[10:48:13 INFO]: [dynmap] Loaded 83 perspectives.
[10:48:13 INFO]: [dynmap] Loaded 22 lightings.
[10:48:13 INFO]: [dynmap] Starting enter/exit processing
[10:48:13 INFO]: [dynmap] Finish marker initialization
[10:48:13 INFO]: [dynmap] Web server started on address 0.0.0.0:8123
[10:48:13 INFO]: [dynmap] version 3.7-SNAPSHOT-968 is enabled - core version 3.7-SNAPSHOT-985
[10:48:13 INFO]: [dynmap] For support, visit our Discord at https://discord.gg/s3rd5qn
[10:48:13 INFO]: [dynmap] For news, visit https://reddit.com/r/Dynmap or follow https://universeodon.com/@dynmap
[10:48:13 INFO]: [dynmap] To report or track bugs, visit https://github.com/webbukkit/dynmap/issues
[10:48:13 INFO]: [dynmap] If you'd like to donate, please visit https://www.patreon.com/dynmap or https://ko-fi.com/michaelprimm
[10:48:13 INFO]: [dynmap] Loaded 3 maps of world 'world'.
[10:48:13 INFO]: [dynmap] Loaded 2 maps of world 'world_nether'.
[10:48:13 INFO]: [dynmap] Loaded 2 maps of world 'world_the_end'.
[10:48:13 INFO]: [dynmap] Enabled
[10:48:13 INFO]: [Multiverse-Core] Enabling Multiverse-Core v4.3.13
[10:48:13 WARN]: [Multiverse-Core] "Multiverse-Core v4.3.13" has registered a listener for org.bukkit.event.entity.EntityCreatePortalEvent on method "public void com.onarandombox.MultiverseCore.listeners.MVPortalListener.entityPortalCreate(org.bukkit.event.entity.EntityCreatePortalEvent)", but the event is Deprecated. "Server performance will be affected"; please notify the authors [dumptruckman, Rigby, fernferret, lithium3141, main--].
[10:48:13 INFO]: [Multiverse-Core] §aWe are aware of the warning about the deprecated event. There is no alternative that allows us to do what we need to do and performance impact is negligible. It is safe to ignore.
[10:48:13 INFO]: [Multiverse-Core] 3 - World(s) loaded.
[10:48:13 WARN]: [Multiverse-Core] Buscript failed to load! The script command will be disabled! If you would like not to see this message, use `/mv conf enablebuscript false` to disable Buscript from loading.
[10:48:13 INFO]: [Multiverse-Core] Version 4.3.13 (API v24) Enabled - By dumptruckman, Rigby, fernferret, lithium3141 and main--
[10:48:13 INFO]: [DeluxeHub] Enabling DeluxeHub v3.5.5
[10:48:13 INFO]: [DeluxeHub]  _   _            _          _    _ 
[10:48:13 INFO]: [DeluxeHub] | \ |_ |  | | \/ |_ |_| | | |_)   _)
[10:48:13 INFO]: [DeluxeHub] |_/ |_ |_ |_| /\ |_ | | |_| |_)   _)
[10:48:13 INFO]: [DeluxeHub] 
[10:48:13 INFO]: [DeluxeHub] Version: 3.5.5
[10:48:13 INFO]: [DeluxeHub] Author: ItsLewizzz
[10:48:13 INFO]: [DeluxeHub] 
[10:48:13 INFO]: [DeluxeHub]  Hooked into PlaceholderAPI
[10:48:13 INFO]: [DeluxeHub] Loaded custom menu 'serverselector'.
[10:48:13 WARN]: [NBTAPI] [NBTAPI] Error while trying to resolve the class 'inventory.CraftItemStack'!
java.lang.ArrayIndexOutOfBoundsException: Index 3 out of bounds for length 3
	at DeluxeHub-3.5.5.jar/fun.lewisdev.deluxehub.libs.nbt.utils.MinecraftVersion.getVersion(MinecraftVersion.java:111) ~[DeluxeHub-3.5.5.jar:?]
	at DeluxeHub-3.5.5.jar/fun.lewisdev.deluxehub.libs.nbt.utils.MinecraftVersion.isAtLeastVersion(MinecraftVersion.java:88) ~[DeluxeHub-3.5.5.jar:?]
	at DeluxeHub-3.5.5.jar/fun.lewisdev.deluxehub.libs.nbt.utils.nmsmappings.ClassWrapper.<init>(ClassWrapper.java:86) ~[DeluxeHub-3.5.5.jar:?]
	at DeluxeHub-3.5.5.jar/fun.lewisdev.deluxehub.libs.nbt.utils.nmsmappings.ClassWrapper.<init>(ClassWrapper.java:72) ~[DeluxeHub-3.5.5.jar:?]
	at DeluxeHub-3.5.5.jar/fun.lewisdev.deluxehub.libs.nbt.utils.nmsmappings.ClassWrapper.<clinit>(ClassWrapper.java:17) ~[DeluxeHub-3.5.5.jar:?]
	at DeluxeHub-3.5.5.jar/fun.lewisdev.deluxehub.libs.nbt.utils.nmsmappings.ReflectionMethod.<clinit>(ReflectionMethod.java:24) ~[DeluxeHub-3.5.5.jar:?]
	at DeluxeHub-3.5.5.jar/fun.lewisdev.deluxehub.libs.nbt.NBTCompound.setString(NBTCompound.java:176) ~[DeluxeHub-3.5.5.jar:?]
	at DeluxeHub-3.5.5.jar/fun.lewisdev.deluxehub.module.modules.hotbar.HotbarItem.<init>(HotbarItem.java:37) ~[DeluxeHub-3.5.5.jar:?]
	at DeluxeHub-3.5.5.jar/fun.lewisdev.deluxehub.module.modules.hotbar.items.CustomItem.<init>(CustomItem.java:16) ~[DeluxeHub-3.5.5.jar:?]
	at DeluxeHub-3.5.5.jar/fun.lewisdev.deluxehub.module.modules.hotbar.HotbarManager.onEnable(HotbarManager.java:34) ~[DeluxeHub-3.5.5.jar:?]
	at DeluxeHub-3.5.5.jar/fun.lewisdev.deluxehub.module.ModuleManager.loadModules(ModuleManager.java:73) ~[DeluxeHub-3.5.5.jar:?]
	at DeluxeHub-3.5.5.jar/fun.lewisdev.deluxehub.DeluxeHubPlugin.onEnable(DeluxeHubPlugin.java:95) ~[DeluxeHub-3.5.5.jar:?]
	at org.bukkit.plugin.java.JavaPlugin.setEnabled(JavaPlugin.java:280) ~[paper-api-1.21.4-R0.1-SNAPSHOT.jar:?]
	at io.papermc.paper.plugin.manager.PaperPluginInstanceManager.enablePlugin(PaperPluginInstanceManager.java:202) ~[paper-1.21.4.jar:1.21.4-225-0767902]
	at io.papermc.paper.plugin.manager.PaperPluginManagerImpl.enablePlugin(PaperPluginManagerImpl.java:109) ~[paper-1.21.4.jar:1.21.4-225-0767902]
	at org.bukkit.plugin.SimplePluginManager.enablePlugin(SimplePluginManager.java:520) ~[paper-api-1.21.4-R0.1-SNAPSHOT.jar:?]
	at org.bukkit.craftbukkit.CraftServer.enablePlugin(CraftServer.java:657) ~[paper-1.21.4.jar:1.21.4-225-0767902]
	at org.bukkit.craftbukkit.CraftServer.enablePlugins(CraftServer.java:606) ~[paper-1.21.4.jar:1.21.4-225-0767902]
	at net.minecraft.server.MinecraftServer.loadWorld0(MinecraftServer.java:743) ~[paper-1.21.4.jar:1.21.4-225-0767902]
	at net.minecraft.server.MinecraftServer.loadLevel(MinecraftServer.java:488) ~[paper-1.21.4.jar:1.21.4-225-0767902]
	at net.minecraft.server.dedicated.DedicatedServer.initServer(DedicatedServer.java:322) ~[paper-1.21.4.jar:1.21.4-225-0767902]
	at net.minecraft.server.MinecraftServer.runServer(MinecraftServer.java:1163) ~[paper-1.21.4.jar:1.21.4-225-0767902]
	at net.minecraft.server.MinecraftServer.lambda$spin$2(MinecraftServer.java:310) ~[paper-1.21.4.jar:1.21.4-225-0767902]
	at java.base/java.lang.Thread.run(Thread.java:1583) ~[?:?]
[10:48:13 WARN]: [NBTAPI] [NBTAPI] Error while trying to resolve the class 'inventory.CraftMetaItem'!
java.lang.ArrayIndexOutOfBoundsException: Index 3 out of bounds for length 3
	at DeluxeHub-3.5.5.jar/fun.lewisdev.deluxehub.libs.nbt.utils.MinecraftVersion.getVersion(MinecraftVersion.java:111) ~[DeluxeHub-3.5.5.jar:?]
	at DeluxeHub-3.5.5.jar/fun.lewisdev.deluxehub.libs.nbt.utils.MinecraftVersion.isAtLeastVersion(MinecraftVersion.java:88) ~[DeluxeHub-3.5.5.jar:?]
	at DeluxeHub-3.5.5.jar/fun.lewisdev.deluxehub.libs.nbt.utils.nmsmappings.ClassWrapper.<init>(ClassWrapper.java:86) ~[DeluxeHub-3.5.5.jar:?]
	at DeluxeHub-3.5.5.jar/fun.lewisdev.deluxehub.libs.nbt.utils.nmsmappings.ClassWrapper.<init>(ClassWrapper.java:72) ~[DeluxeHub-3.5.5.jar:?]
	at DeluxeHub-3.5.5.jar/fun.lewisdev.deluxehub.libs.nbt.utils.nmsmappings.ClassWrapper.<clinit>(ClassWrapper.java:18) ~[DeluxeHub-3.5.5.jar:?]
	at DeluxeHub-3.5.5.jar/fun.lewisdev.deluxehub.libs.nbt.utils.nmsmappings.ReflectionMethod.<clinit>(ReflectionMethod.java:24) ~[DeluxeHub-3.5.5.jar:?]
	at DeluxeHub-3.5.5.jar/fun.lewisdev.deluxehub.libs.nbt.NBTCompound.setString(NBTCompound.java:176) ~[DeluxeHub-3.5.5.jar:?]
	at DeluxeHub-3.5.5.jar/fun.lewisdev.deluxehub.module.modules.hotbar.HotbarItem.<init>(HotbarItem.java:37) ~[DeluxeHub-3.5.5.jar:?]
	at DeluxeHub-3.5.5.jar/fun.lewisdev.deluxehub.module.modules.hotbar.items.CustomItem.<init>(CustomItem.java:16) ~[DeluxeHub-3.5.5.jar:?]
	at DeluxeHub-3.5.5.jar/fun.lewisdev.deluxehub.module.modules.hotbar.HotbarManager.onEnable(HotbarManager.java:34) ~[DeluxeHub-3.5.5.jar:?]
	at DeluxeHub-3.5.5.jar/fun.lewisdev.deluxehub.module.ModuleManager.loadModules(ModuleManager.java:73) ~[DeluxeHub-3.5.5.jar:?]
	at DeluxeHub-3.5.5.jar/fun.lewisdev.deluxehub.DeluxeHubPlugin.onEnable(DeluxeHubPlugin.java:95) ~[DeluxeHub-3.5.5.jar:?]
	at org.bukkit.plugin.java.JavaPlugin.setEnabled(JavaPlugin.java:280) ~[paper-api-1.21.4-R0.1-SNAPSHOT.jar:?]
	at io.papermc.paper.plugin.manager.PaperPluginInstanceManager.enablePlugin(PaperPluginInstanceManager.java:202) ~[paper-1.21.4.jar:1.21.4-225-0767902]
	at io.papermc.paper.plugin.manager.PaperPluginManagerImpl.enablePlugin(PaperPluginManagerImpl.java:109) ~[paper-1.21.4.jar:1.21.4-225-0767902]
	at org.bukkit.plugin.SimplePluginManager.enablePlugin(SimplePluginManager.java:520) ~[paper-api-1.21.4-R0.1-SNAPSHOT.jar:?]
	at org.bukkit.craftbukkit.CraftServer.enablePlugin(CraftServer.java:657) ~[paper-1.21.4.jar:1.21.4-225-0767902]
	at org.bukkit.craftbukkit.CraftServer.enablePlugins(CraftServer.java:606) ~[paper-1.21.4.jar:1.21.4-225-0767902]
	at net.minecraft.server.MinecraftServer.loadWorld0(MinecraftServer.java:743) ~[paper-1.21.4.jar:1.21.4-225-0767902]
	at net.minecraft.server.MinecraftServer.loadLevel(MinecraftServer.java:488) ~[paper-1.21.4.jar:1.21.4-225-0767902]
	at net.minecraft.server.dedicated.DedicatedServer.initServer(DedicatedServer.java:322) ~[paper-1.21.4.jar:1.21.4-225-0767902]
	at net.minecraft.server.MinecraftServer.runServer(MinecraftServer.java:1163) ~[paper-1.21.4.jar:1.21.4-225-0767902]
	at net.minecraft.server.MinecraftServer.lambda$spin$2(MinecraftServer.java:310) ~[paper-1.21.4.jar:1.21.4-225-0767902]
	at java.base/java.lang.Thread.run(Thread.java:1583) ~[?:?]
[10:48:13 WARN]: [NBTAPI] [NBTAPI] Error while trying to resolve the class 'entity.CraftEntity'!
java.lang.ArrayIndexOutOfBoundsException: Index 3 out of bounds for length 3
	at DeluxeHub-3.5.5.jar/fun.lewisdev.deluxehub.libs.nbt.utils.MinecraftVersion.getVersion(MinecraftVersion.java:111) ~[DeluxeHub-3.5.5.jar:?]
	at DeluxeHub-3.5.5.jar/fun.lewisdev.deluxehub.libs.nbt.utils.MinecraftVersion.isAtLeastVersion(MinecraftVersion.java:88) ~[DeluxeHub-3.5.5.jar:?]
	at DeluxeHub-3.5.5.jar/fun.lewisdev.deluxehub.libs.nbt.utils.nmsmappings.ClassWrapper.<init>(ClassWrapper.java:86) ~[DeluxeHub-3.5.5.jar:?]
	at DeluxeHub-3.5.5.jar/fun.lewisdev.deluxehub.libs.nbt.utils.nmsmappings.ClassWrapper.<init>(ClassWrapper.java:72) ~[DeluxeHub-3.5.5.jar:?]
	at DeluxeHub-3.5.5.jar/fun.lewisdev.deluxehub.libs.nbt.utils.nmsmappings.ClassWrapper.<clinit>(ClassWrapper.java:19) ~[DeluxeHub-3.5.5.jar:?]
	at DeluxeHub-3.5.5.jar/fun.lewisdev.deluxehub.libs.nbt.utils.nmsmappings.ReflectionMethod.<clinit>(ReflectionMethod.java:24) ~[DeluxeHub-3.5.5.jar:?]
	at DeluxeHub-3.5.5.jar/fun.lewisdev.deluxehub.libs.nbt.NBTCompound.setString(NBTCompound.java:176) ~[DeluxeHub-3.5.5.jar:?]
	at DeluxeHub-3.5.5.jar/fun.lewisdev.deluxehub.module.modules.hotbar.HotbarItem.<init>(HotbarItem.java:37) ~[DeluxeHub-3.5.5.jar:?]
	at DeluxeHub-3.5.5.jar/fun.lewisdev.deluxehub.module.modules.hotbar.items.CustomItem.<init>(CustomItem.java:16) ~[DeluxeHub-3.5.5.jar:?]
	at DeluxeHub-3.5.5.jar/fun.lewisdev.deluxehub.module.modules.hotbar.HotbarManager.onEnable(HotbarManager.java:34) ~[DeluxeHub-3.5.5.jar:?]
	at DeluxeHub-3.5.5.jar/fun.lewisdev.deluxehub.module.ModuleManager.loadModules(ModuleManager.java:73) ~[DeluxeHub-3.5.5.jar:?]
	at DeluxeHub-3.5.5.jar/fun.lewisdev.deluxehub.DeluxeHubPlugin.onEnable(DeluxeHubPlugin.java:95) ~[DeluxeHub-3.5.5.jar:?]
	at org.bukkit.plugin.java.JavaPlugin.setEnabled(JavaPlugin.java:280) ~[paper-api-1.21.4-R0.1-SNAPSHOT.jar:?]
	at io.papermc.paper.plugin.manager.PaperPluginInstanceManager.enablePlugin(PaperPluginInstanceManager.java:202) ~[paper-1.21.4.jar:1.21.4-225-0767902]
	at io.papermc.paper.plugin.manager.PaperPluginManagerImpl.enablePlugin(PaperPluginManagerImpl.java:109) ~[paper-1.21.4.jar:1.21.4-225-0767902]
	at org.bukkit.plugin.SimplePluginManager.enablePlugin(SimplePluginManager.java:520) ~[paper-api-1.21.4-R0.1-SNAPSHOT.jar:?]
	at org.bukkit.craftbukkit.CraftServer.enablePlugin(CraftServer.java:657) ~[paper-1.21.4.jar:1.21.4-225-0767902]
	at org.bukkit.craftbukkit.CraftServer.enablePlugins(CraftServer.java:606) ~[paper-1.21.4.jar:1.21.4-225-0767902]
	at net.minecraft.server.MinecraftServer.loadWorld0(MinecraftServer.java:743) ~[paper-1.21.4.jar:1.21.4-225-0767902]
	at net.minecraft.server.MinecraftServer.loadLevel(MinecraftServer.java:488) ~[paper-1.21.4.jar:1.21.4-225-0767902]
	at net.minecraft.server.dedicated.DedicatedServer.initServer(DedicatedServer.java:322) ~[paper-1.21.4.jar:1.21.4-225-0767902]
	at net.minecraft.server.MinecraftServer.runServer(MinecraftServer.java:1163) ~[paper-1.21.4.jar:1.21.4-225-0767902]
	at net.minecraft.server.MinecraftServer.lambda$spin$2(MinecraftServer.java:310) ~[paper-1.21.4.jar:1.21.4-225-0767902]
	at java.base/java.lang.Thread.run(Thread.java:1583) ~[?:?]
[10:48:13 WARN]: [NBTAPI] [NBTAPI] Error while trying to resolve the class 'CraftWorld'!
java.lang.ArrayIndexOutOfBoundsException: Index 3 out of bounds for length 3
	at DeluxeHub-3.5.5.jar/fun.lewisdev.deluxehub.libs.nbt.utils.MinecraftVersion.getVersion(MinecraftVersion.java:111) ~[DeluxeHub-3.5.5.jar:?]
	at DeluxeHub-3.5.5.jar/fun.lewisdev.deluxehub.libs.nbt.utils.MinecraftVersion.isAtLeastVersion(MinecraftVersion.java:88) ~[DeluxeHub-3.5.5.jar:?]
	at DeluxeHub-3.5.5.jar/fun.lewisdev.deluxehub.libs.nbt.utils.nmsmappings.ClassWrapper.<init>(ClassWrapper.java:86) ~[DeluxeHub-3.5.5.jar:?]
	at DeluxeHub-3.5.5.jar/fun.lewisdev.deluxehub.libs.nbt.utils.nmsmappings.ClassWrapper.<init>(ClassWrapper.java:72) ~[DeluxeHub-3.5.5.jar:?]
	at DeluxeHub-3.5.5.jar/fun.lewisdev.deluxehub.libs.nbt.utils.nmsmappings.ClassWrapper.<clinit>(ClassWrapper.java:20) ~[DeluxeHub-3.5.5.jar:?]
	at DeluxeHub-3.5.5.jar/fun.lewisdev.deluxehub.libs.nbt.utils.nmsmappings.ReflectionMethod.<clinit>(ReflectionMethod.java:24) ~[DeluxeHub-3.5.5.jar:?]
	at DeluxeHub-3.5.5.jar/fun.lewisdev.deluxehub.libs.nbt.NBTCompound.setString(NBTCompound.java:176) ~[DeluxeHub-3.5.5.jar:?]
	at DeluxeHub-3.5.5.jar/fun.lewisdev.deluxehub.module.modules.hotbar.HotbarItem.<init>(HotbarItem.java:37) ~[DeluxeHub-3.5.5.jar:?]
	at DeluxeHub-3.5.5.jar/fun.lewisdev.deluxehub.module.modules.hotbar.items.CustomItem.<init>(CustomItem.java:16) ~[DeluxeHub-3.5.5.jar:?]
	at DeluxeHub-3.5.5.jar/fun.lewisdev.deluxehub.module.modules.hotbar.HotbarManager.onEnable(HotbarManager.java:34) ~[DeluxeHub-3.5.5.jar:?]
	at DeluxeHub-3.5.5.jar/fun.lewisdev.deluxehub.module.ModuleManager.loadModules(ModuleManager.java:73) ~[DeluxeHub-3.5.5.jar:?]
	at DeluxeHub-3.5.5.jar/fun.lewisdev.deluxehub.DeluxeHubPlugin.onEnable(DeluxeHubPlugin.java:95) ~[DeluxeHub-3.5.5.jar:?]
	at org.bukkit.plugin.java.JavaPlugin.setEnabled(JavaPlugin.java:280) ~[paper-api-1.21.4-R0.1-SNAPSHOT.jar:?]
	at io.papermc.paper.plugin.manager.PaperPluginInstanceManager.enablePlugin(PaperPluginInstanceManager.java:202) ~[paper-1.21.4.jar:1.21.4-225-0767902]
	at io.papermc.paper.plugin.manager.PaperPluginManagerImpl.enablePlugin(PaperPluginManagerImpl.java:109) ~[paper-1.21.4.jar:1.21.4-225-0767902]
	at org.bukkit.plugin.SimplePluginManager.enablePlugin(SimplePluginManager.java:520) ~[paper-api-1.21.4-R0.1-SNAPSHOT.jar:?]
	at org.bukkit.craftbukkit.CraftServer.enablePlugin(CraftServer.java:657) ~[paper-1.21.4.jar:1.21.4-225-0767902]
	at org.bukkit.craftbukkit.CraftServer.enablePlugins(CraftServer.java:606) ~[paper-1.21.4.jar:1.21.4-225-0767902]
	at net.minecraft.server.MinecraftServer.loadWorld0(MinecraftServer.java:743) ~[paper-1.21.4.jar:1.21.4-225-0767902]
	at net.minecraft.server.MinecraftServer.loadLevel(MinecraftServer.java:488) ~[paper-1.21.4.jar:1.21.4-225-0767902]
	at net.minecraft.server.dedicated.DedicatedServer.initServer(DedicatedServer.java:322) ~[paper-1.21.4.jar:1.21.4-225-0767902]
	at net.minecraft.server.MinecraftServer.runServer(MinecraftServer.java:1163) ~[paper-1.21.4.jar:1.21.4-225-0767902]
	at net.minecraft.server.MinecraftServer.lambda$spin$2(MinecraftServer.java:310) ~[paper-1.21.4.jar:1.21.4-225-0767902]
	at java.base/java.lang.Thread.run(Thread.java:1583) ~[?:?]
[10:48:13 ERROR]: Error occurred while enabling DeluxeHub v3.5.5 (Is it up to date?)
java.lang.ExceptionInInitializerError: null
	at DeluxeHub-3.5.5.jar/fun.lewisdev.deluxehub.libs.nbt.utils.nmsmappings.ReflectionMethod.<clinit>(ReflectionMethod.java:24) ~[DeluxeHub-3.5.5.jar:?]
	at DeluxeHub-3.5.5.jar/fun.lewisdev.deluxehub.libs.nbt.NBTCompound.setString(NBTCompound.java:176) ~[DeluxeHub-3.5.5.jar:?]
	at DeluxeHub-3.5.5.jar/fun.lewisdev.deluxehub.module.modules.hotbar.HotbarItem.<init>(HotbarItem.java:37) ~[DeluxeHub-3.5.5.jar:?]
	at DeluxeHub-3.5.5.jar/fun.lewisdev.deluxehub.module.modules.hotbar.items.CustomItem.<init>(CustomItem.java:16) ~[DeluxeHub-3.5.5.jar:?]
	at DeluxeHub-3.5.5.jar/fun.lewisdev.deluxehub.module.modules.hotbar.HotbarManager.onEnable(HotbarManager.java:34) ~[DeluxeHub-3.5.5.jar:?]
	at DeluxeHub-3.5.5.jar/fun.lewisdev.deluxehub.module.ModuleManager.loadModules(ModuleManager.java:73) ~[DeluxeHub-3.5.5.jar:?]
	at DeluxeHub-3.5.5.jar/fun.lewisdev.deluxehub.DeluxeHubPlugin.onEnable(DeluxeHubPlugin.java:95) ~[DeluxeHub-3.5.5.jar:?]
	at org.bukkit.plugin.java.JavaPlugin.setEnabled(JavaPlugin.java:280) ~[paper-api-1.21.4-R0.1-SNAPSHOT.jar:?]
	at io.papermc.paper.plugin.manager.PaperPluginInstanceManager.enablePlugin(PaperPluginInstanceManager.java:202) ~[paper-1.21.4.jar:1.21.4-225-0767902]
	at io.papermc.paper.plugin.manager.PaperPluginManagerImpl.enablePlugin(PaperPluginManagerImpl.java:109) ~[paper-1.21.4.jar:1.21.4-225-0767902]
	at org.bukkit.plugin.SimplePluginManager.enablePlugin(SimplePluginManager.java:520) ~[paper-api-1.21.4-R0.1-SNAPSHOT.jar:?]
	at org.bukkit.craftbukkit.CraftServer.enablePlugin(CraftServer.java:657) ~[paper-1.21.4.jar:1.21.4-225-0767902]
	at org.bukkit.craftbukkit.CraftServer.enablePlugins(CraftServer.java:606) ~[paper-1.21.4.jar:1.21.4-225-0767902]
	at net.minecraft.server.MinecraftServer.loadWorld0(MinecraftServer.java:743) ~[paper-1.21.4.jar:1.21.4-225-0767902]
	at net.minecraft.server.MinecraftServer.loadLevel(MinecraftServer.java:488) ~[paper-1.21.4.jar:1.21.4-225-0767902]
	at net.minecraft.server.dedicated.DedicatedServer.initServer(DedicatedServer.java:322) ~[paper-1.21.4.jar:1.21.4-225-0767902]
	at net.minecraft.server.MinecraftServer.runServer(MinecraftServer.java:1163) ~[paper-1.21.4.jar:1.21.4-225-0767902]
	at net.minecraft.server.MinecraftServer.lambda$spin$2(MinecraftServer.java:310) ~[paper-1.21.4.jar:1.21.4-225-0767902]
	at java.base/java.lang.Thread.run(Thread.java:1583) ~[?:?]
Caused by: java.lang.ArrayIndexOutOfBoundsException: Index 3 out of bounds for length 3
	at DeluxeHub-3.5.5.jar/fun.lewisdev.deluxehub.libs.nbt.utils.MinecraftVersion.getVersion(MinecraftVersion.java:111) ~[DeluxeHub-3.5.5.jar:?]
	at DeluxeHub-3.5.5.jar/fun.lewisdev.deluxehub.libs.nbt.utils.nmsmappings.ClassWrapper.<init>(ClassWrapper.java:78) ~[DeluxeHub-3.5.5.jar:?]
	at DeluxeHub-3.5.5.jar/fun.lewisdev.deluxehub.libs.nbt.utils.nmsmappings.ClassWrapper.<init>(ClassWrapper.java:72) ~[DeluxeHub-3.5.5.jar:?]
	at DeluxeHub-3.5.5.jar/fun.lewisdev.deluxehub.libs.nbt.utils.nmsmappings.ClassWrapper.<clinit>(ClassWrapper.java:21) ~[DeluxeHub-3.5.5.jar:?]
	... 19 more
[10:48:13 INFO]: [DeluxeHub] Disabling DeluxeHub v3.5.5
[10:48:13 WARN]: java.lang.NullPointerException: Cannot invoke "java.util.List.clear()" because "this.vanished" is null
[10:48:13 WARN]: 	at DeluxeHub-3.5.5.jar//fun.lewisdev.deluxehub.module.modules.player.PlayerVanish.onDisable(PlayerVanish.java:34)
[10:48:13 WARN]: 	at DeluxeHub-3.5.5.jar//fun.lewisdev.deluxehub.module.ModuleManager.unloadModules(ModuleManager.java:92)
[10:48:13 WARN]: 	at DeluxeHub-3.5.5.jar//fun.lewisdev.deluxehub.DeluxeHubPlugin.onDisable(DeluxeHubPlugin.java:113)
[10:48:13 WARN]: 	at org.bukkit.plugin.java.JavaPlugin.setEnabled(JavaPlugin.java:286)
[10:48:13 WARN]: 	at io.papermc.paper.plugin.manager.PaperPluginInstanceManager.disablePlugin(PaperPluginInstanceManager.java:237)
[10:48:13 WARN]: 	at io.papermc.paper.plugin.manager.PaperPluginManagerImpl.disablePlugin(PaperPluginManagerImpl.java:114)
[10:48:13 WARN]: 	at org.bukkit.plugin.SimplePluginManager.disablePlugin(SimplePluginManager.java:550)
[10:48:13 WARN]: 	at io.papermc.paper.plugin.manager.PaperPluginInstanceManager.enablePlugin(PaperPluginInstanceManager.java:206)
[10:48:13 WARN]: 	at io.papermc.paper.plugin.manager.PaperPluginManagerImpl.enablePlugin(PaperPluginManagerImpl.java:109)
[10:48:13 WARN]: 	at org.bukkit.plugin.SimplePluginManager.enablePlugin(SimplePluginManager.java:520)
[10:48:13 WARN]: 	at org.bukkit.craftbukkit.CraftServer.enablePlugin(CraftServer.java:657)
[10:48:13 WARN]: 	at org.bukkit.craftbukkit.CraftServer.enablePlugins(CraftServer.java:606)
[10:48:13 WARN]: 	at net.minecraft.server.MinecraftServer.loadWorld0(MinecraftServer.java:743)
[10:48:13 WARN]: 	at net.minecraft.server.MinecraftServer.loadLevel(MinecraftServer.java:488)
[10:48:13 WARN]: 	at net.minecraft.server.dedicated.DedicatedServer.initServer(DedicatedServer.java:322)
[10:48:13 WARN]: 	at net.minecraft.server.MinecraftServer.runServer(MinecraftServer.java:1163)
[10:48:13 WARN]: 	at net.minecraft.server.MinecraftServer.lambda$spin$2(MinecraftServer.java:310)
[10:48:13 WARN]: 	at java.base/java.lang.Thread.run(Thread.java:1583)
[10:48:13 ERROR]: [DeluxeHub] There was an error unloading the VANISH module.
[10:48:13 INFO]: [floodgate] Enabling floodgate v2.2.4-SNAPSHOT (b116-0e3163c)
[10:48:13 INFO]: [ViaVersion] Enabling ViaVersion v5.3.2
[10:48:13 INFO]: [ViaVersion] ViaVersion detected server version: 1.21.4 (769)
[10:48:13 INFO]: [Essentials] Enabling Essentials v2.21.1-dev+14-3f5b122
[10:48:14 ERROR]: [Essentials] Vous utilisez une version de serveur non prise en charge !
[10:48:14 WARN]: [Essentials] Versions différentes ! Veuillez mettre EssentialsChat à la même version.
[10:48:14 INFO]: [Essentials] Attempting to convert old kits in config.yml to new kits.yml
[10:48:14 INFO]: [Essentials] No kits found to migrate.
[10:48:14 INFO]: [Essentials] Starting Essentials ban format conversion
[10:48:14 INFO]: [Essentials] Attempting to migrate ignore list to UUIDs
[10:48:14 INFO]: [Essentials] Attempting to migrate legacy userdata keys to Configurate
[10:48:14 INFO]: [Essentials] Selected 1.8.3+ Spawner Item Provider as the provider for SpawnerItemProvider
[10:48:14 INFO]: [Essentials] Selected 1.21+ InventoryView Interface ABI Provider as the provider for InventoryViewProvider
[10:48:14 INFO]: [Essentials] Selected 1.20.5+ Banner Data Provider as the provider for BannerDataProvider
[10:48:14 INFO]: [Essentials] Selected 1.11+ Item Unbreakable Provider as the provider for ItemUnbreakableProvider
[10:48:14 INFO]: [Essentials] Selected 1.13+ Spawn Egg Provider as the provider for SpawnEggProvider
[10:48:14 INFO]: [Essentials] Selected Reflection Online Mode Provider as the provider for OnlineModeProvider
[10:48:14 INFO]: [Essentials] Selected Reflection Formatted Command Alias Provider as the provider for FormattedCommandAliasProvider
[10:48:14 INFO]: [Essentials] Selected 1.14+ Sign Data Provider as the provider for SignDataProvider
[10:48:14 INFO]: [Essentials] Selected Paper Serialization Provider as the provider for SerializationProvider
[10:48:14 INFO]: [Essentials] Selected Paper Container Provider as the provider for ContainerProvider
[10:48:14 INFO]: [Essentials] Selected Paper Tick Count Provider as the provider for TickCountProvider
[10:48:14 INFO]: [Essentials] Selected 1.20.4+ Damage Event Provider as the provider for DamageEventProvider
[10:48:14 INFO]: [Essentials] Selected 1.12+ Spawner Block Provider as the provider for SpawnerBlockProvider
[10:48:14 INFO]: [Essentials] Selected 1.12.2+ Player Locale Provider as the provider for PlayerLocaleProvider
[10:48:14 INFO]: [Essentials] Selected Paper Known Commands Provider as the provider for KnownCommandsProvider
[10:48:14 INFO]: [Essentials] Selected 1.17.1+ World Info Provider as the provider for WorldInfoProvider
[10:48:14 INFO]: [Essentials] Selected Paper Server State Provider as the provider for ServerStateProvider
[10:48:14 INFO]: [Essentials] Selected Paper Biome Key Provider as the provider for BiomeKeyProvider
[10:48:14 INFO]: [Essentials] Selected 1.20.6+ Potion Meta Provider as the provider for PotionMetaProvider
[10:48:14 INFO]: [Essentials] Selected 1.14.4+ Persistent Data Container Provider as the provider for PersistentDataProvider
[10:48:14 INFO]: [Essentials] Selected Paper Material Tag Provider as the provider for MaterialTagProvider
[10:48:14 INFO]: [Essentials] Selected 1.21.4+ Sync Commands Provider as the provider for SyncCommandsProvider
[10:48:14 INFO]: [Essentials] Loaded 43517 items from items.json.
[10:48:14 INFO]: [Essentials] Using locale fr_CA
[10:48:14 INFO]: [Essentials] ServerListPingEvent: Spigot iterator API
[10:48:14 INFO]: [Essentials] Starting Metrics. Opt-out using the global bStats config.
[10:48:14 INFO]: [Vault] [Economy] Essentials Economy hooked.
[10:48:14 INFO]: [Essentials] Using Vault based permissions (GroupManager)
[10:48:14 INFO]: [Geyser-Spigot] Enabling Geyser-Spigot v2.7.1-SNAPSHOT
[10:48:14 INFO]: [EssentialsChat] Enabling EssentialsChat v2.21.0-dev+164-1a4d75c
[10:48:14 WARN]: [EssentialsChat] Versions différentes ! Veuillez mettre à jour tous les jars Essentials à la même version.
[10:48:14 INFO]: [EssentialsChat] Starting Metrics. Opt-out using the global bStats config.
[10:48:14 INFO]: [ViaBackwards] Enabling ViaBackwards v5.3.2
[10:48:14 INFO]: [EssentialsProtect] Enabling EssentialsProtect v2.21.1-dev+14-3f5b122
[10:48:14 INFO]: [EssentialsProtect] Continuing to enable Protect.
[10:48:14 INFO]: [EssentialsProtect] Starting Metrics. Opt-out using the global bStats config.
[10:48:14 INFO]: [ChunkLoader] Enabling ChunkLoader v3.2.1
[10:48:14 INFO]: ChunkLoader >> Enabled Paper version.
[10:48:14 INFO]: ChunkLoader >> messages_en file was loaded successfully.
[10:48:14 INFO]: 
[10:48:14 INFO]:  ChunkLoader use InventoryAPI developed by KayTeam
[10:48:14 INFO]: 
[10:48:14 INFO]:  Website: https://kayteam.org
[10:48:14 INFO]:  Github: https://github.com/KayTeam-Studio/inventory-api
[10:48:14 INFO]: 
[10:48:14 INFO]: 
[10:48:14 INFO]: * ChunkLoader Enabled
[10:48:14 INFO]: *
[10:48:14 INFO]: * Version: 3.2.1
[10:48:14 INFO]: * Author: KayTeam
[10:48:14 INFO]: * Website: https://kayteam.org
[10:48:14 INFO]: *
[10:48:14 INFO]: * I like the bread!
[10:48:14 INFO]: 
[10:48:14 INFO]: [EconomyShopGUI] Enabling EconomyShopGUI v6.10.2
[10:48:14 INFO]: [EconomyShopGUI] [INFO]: Using lang-en.yml as language file.
[10:48:14 INFO]: [EconomyShopGUI] [INFO]: Completed loading 16 section configs from /sections/
[10:48:14 INFO]: [EconomyShopGUI] [INFO]: Completed loading 16 shop configs from /shops/
[10:48:14 INFO]: [EconomyShopGUI] [INFO]: Updating Shop settings...
[10:48:14 INFO]: [EconomyShopGUI] [INFO]: Successfully hooked into Vault and using EssentialsX Economy as economy provider
[10:48:14 INFO]: [EconomyShopGUI] [INFO]: Completed loading 1 economy provider(s) for all 14 shop sections.
[10:48:14 INFO]: [EconomyShopGUI] [INFO]: Using minecraft version 1.21.4...
[10:48:14 INFO]: [EconomyShopGUI] [INFO]: Spawner provider set to AUTO in config
[10:48:14 INFO]: [EconomyShopGUI] [INFO]: Automatically searching for compatible spawner provider....
[10:48:14 INFO]: [EconomyShopGUI] [INFO]: Failed to automatically find compatible spawner provider, using default...
[10:48:14 INFO]: [PlaceholderAPI] Successfully registered internal expansion: esgui [1.0.0]
[10:48:14 INFO]: [EconomyShopGUI] [INFO]: Debug mode is enabled.
[10:48:14 INFO]: [EconomyShopGUI] [INFO]: Loading all items...
[10:48:14 INFO]: [EconomyShopGUI] [INFO]: Initialized - Took 165ms to complete
[10:48:14 INFO]: [DiscordSRV] Enabling DiscordSRV v1.29.0
[10:48:14 INFO]: [Multiverse-Inventories] Enabling Multiverse-Inventories v4.2.6
[10:48:14 INFO]: [EconomyShopGUI] [INFO]: There is an update available for EconomyShopGUI, you are running v6.10.2 but found v6.16.3.
[10:48:14 INFO]: [EconomyShopGUI] [INFO]: Download at: https://www.spigotmc.org/resources/economyshopgui.69927/
[10:48:14 INFO]: [Multiverse-Inventories 4.2.6] enabled.
[10:48:14 INFO]: [HeadsPlus] Enabling HeadsPlus v7.1.5
[10:48:14 INFO]: [HeadsPlus] Using the PaperProfileHandler profile handler.
[10:48:14 ERROR]: [DiscordSRV] No bot token has been set in the config; a bot token is required to connect to Discord.
[10:48:14 INFO]: [HeadsPlus] Registered 438 heads.
[10:48:14 INFO]: [HeadsPlus] Registered 3 masks.
[10:48:14 INFO]: [PlaceholderAPI] Successfully registered internal expansion: headsplus [7.1.5]
[10:48:14 INFO]: [HeadsPlus] We've registered our PAPI placeholders!
[10:48:14 INFO]: HeadsPlus »  HeadsPlus has been enabled!
[10:48:14 INFO]:     __  __               __     ____  __                   _____
[10:48:14 INFO]:    / / / /__  ____ _____/ /____/ __ \/ /_  _______   _   _/__  /
[10:48:14 INFO]:   / /_/ / _ \/ __ `/ __  / ___/ /_/ / / / / / ___/  | | / / / / 
[10:48:14 INFO]:  / __  /  __/ /_/ / /_/ /__  / ____/ / /_/ /__  /   | |/ / / /  
[10:48:14 INFO]: /_/ /_/\___/\__,_/\__,_/____/_/   /_/\__,_/____/    |___/ /_/  
[10:48:14 INFO]:                                                                 
[10:48:14 INFO]: HeadsPlus 7.1.5 has been enabled successfully!
[10:48:14 INFO]: 
[10:48:14 INFO]: [spark] Starting background profiler...
[10:48:15 WARN]: [DiscordSRV] 

The current build of DiscordSRV is outdated by 58 commits! Get the latest build at your favorite distribution center.

Spigot: https://www.spigotmc.org/resources/discordsrv.18494/
Github: https://github.com/DiscordSRV/DiscordSRV/releases
Direct Download: https://get.discordsrv.com

[10:48:15 INFO]: [PlaceholderAPI] Placeholder expansion registration initializing...
[10:48:15 INFO]: [Geyser-Spigot] ******************************************
[10:48:15 INFO]: [Geyser-Spigot] 
[10:48:15 INFO]: [Geyser-Spigot] Chargement Geyser version 2.7.1-b834 (git-master-7c47459)
[10:48:15 INFO]: [Geyser-Spigot] 
[10:48:15 INFO]: [Geyser-Spigot] ******************************************
[10:48:16 INFO]: [Geyser-Spigot] Geyser a démarré sur le port UDP 19132
[10:48:16 INFO]: [Geyser-Spigot] Terminé (1,511s) ! Exécuter /geyser help pour de l'aide !
[10:48:16 INFO]: Done preparing level "world" (4.931s)
[10:48:16 INFO]: Running delayed init tasks
[10:48:16 INFO]: [ViaVersion] Finished mapping loading, shutting down loader executor.
[10:48:16 INFO]: [BentoBox] Hooking with Vault...
[10:48:16 INFO]: [Essentials] Récupération des informations de version...
[10:48:16 INFO]: [BentoBox] Hooking with PlaceholderAPI...
[10:48:16 WARN]: [HeadsPlus] Head with ID creaking not found.
[10:48:16 INFO]: [PlaceholderAPI] Successfully registered internal expansion: bentobox [3.2.3]
[10:48:16 WARN]: [HeadsPlus] Head with ID BLACK_rabbit not found.
[10:48:16 WARN]: [HeadsPlus] Head with ID BLACK_AND_WHITE_rabbit not found.
[10:48:16 WARN]: [HeadsPlus] Head with ID BROWN_rabbit not found.
[10:48:16 WARN]: [HeadsPlus] Head with ID GOLD_rabbit not found.
[10:48:16 WARN]: [HeadsPlus] Head with ID SALT_AND_PEPPER_rabbit not found.
[10:48:16 WARN]: [HeadsPlus] Head with ID THE_KILLER_BUNNY_rabbit not found.
[10:48:16 WARN]: [HeadsPlus] Head with ID WHITE_rabbit not found.
[10:48:16 INFO]: [HeadsPlus] Registered 1 rewards.
[10:48:16 INFO]: [Vault] Checking for Updates ... 
[10:48:16 INFO]: [HeadsPlus] Registered 36 levels.
[10:48:16 INFO]: [BentoBox] Loading islands from database...
[10:48:16 INFO]: [BentoBox] Hooking with Multiverse-Core...
[10:48:16 INFO]: 
  ____             _        ____
 |  _ \           | |      |  _ \             by tastybento and Poslovitch
 | |_) | ___ _ __ | |_ ___ | |_) | _____  __  2017 - 2023
 |  _ < / _ \ '_ \| __/ _ \|  _ < / _ \ \/ /
 | |_) |  __/ | | | || (_) | |_) | (_) >  <   v3.2.3
 |____/ \___|_| |_|\__\___/|____/ \___/_/\_\  Loaded in 451ms.

[10:48:16 INFO]: [Essentials] Essentials found a compatible payment resolution method: Vault Compatibility Layer (v1.7.3-b131)!
[10:48:16 INFO]: [Geyser-Spigot] Une nouvelle mise à jour est disponible pour Geyser pour prendre en charge la version Bedrock 26.3. Téléchargez-la ici : https://geysermc.org/download
[10:48:16 INFO]: [DiscordSRV] Disabling DiscordSRV v1.29.0
[10:48:16 INFO]: [Vault] No new version available
[10:48:16 INFO]: 0 placeholder hook(s) registered!
[10:48:16 INFO]: [GroupManager] Bukkit Permissions Updated!
[10:48:16 INFO]: [Multiverse-Inventories] First run!
[10:48:16 INFO]: [BentoBox] All blueprints loaded.
[10:48:16 INFO]: [PlaceholderAPI] An update for PlaceholderAPI (v2.12.2) is available at:
[10:48:16 INFO]: [PlaceholderAPI] https://www.spigotmc.org/resources/placeholderapi.6245/
[10:48:16 INFO]: Done (10.468s)! For help, type "help"
[10:48:16 INFO]: [GroupManager] No new version available
[10:48:16 WARN]: [ViaVersion] There is a newer plugin version available: 5.7.2, you're on: 5.3.2
[10:48:17 INFO]: HeadsPlus »  Current version: 7.1.5
HeadsPlus »  New version: 7.1.6
HeadsPlus »  Description: Important Database Fix, 1.21.5 Variant Support and other fixes
[10:48:17 INFO]: [HeadsPlus] Download link: https://www.spigotmc.org/resources/headsplus-1-8-x-1-12-x.40265/
[10:48:17 WARN]: [Essentials] Vous êtes en retard de 114 version(s) de développement d‘EssentialsX !
[10:48:17 WARN]: [Essentials] Téléchargez-la ici : https://essentialsx.net/downloads.html
[10:48:17 INFO]: [HeadsPlus] Avengers, assemble!
[10:48:17 INFO]: [BentoBox] Downloading data from GitHub...
[10:48:17 INFO]: [BentoBox] Updating the Catalog...
[10:48:18 INFO]: [BentoBox] Updating Contributors information...
[10:48:18 INFO]: [BentoBox] Gathering contribution data for: BentoBoxWorld/BentoBox
[10:48:18 INFO]: [BentoBox] Successfully downloaded data from GitHub.
[10:52:12 INFO]: [Geyser-Spigot] L'utilisateur Bedrock avec l'ip: /192.168.2.13 s'est déconnecté pour la raison Proxy Geyser obsolète ! Ce serveur supporte les versions Bedrock suivantes : 1.21.50 - 1.21.51, 1.21.60 - 1.21.62, 1.21.70 - 1.21.73, 1.21.80
§r§aLa dernière version de Geyser prend en charge cette version de Bedrock. Un administrateur peut télécharger la mise à jour à §r§9https://geysermc.org/download
#
# A fatal error has been detected by the Java Runtime Environment:
#
#  SIGSEGV (0xb) at pc=0x00000001290cf1c8, pid=2248, tid=61991
#
# JRE version: OpenJDK Runtime Environment Homebrew (21.0.10) (build 21.0.10)
# Java VM: OpenJDK 64-Bit Server VM Homebrew (21.0.10, mixed mode, sharing, tiered, compressed oops, compressed class ptrs, g1 gc, bsd-aarch64)
# Problematic frame:
# C  [spark-89e0165823-libasyncProfiler.so.tmp+0x2b1c8]  ThreadFilter::accept(int)+0x10
#
# No core dump will be written. Core dumps have been disabled. To enable core dumping, try "ulimit -c unlimited" before starting Java again
#
# An error report file with more information is saved as:
# /Users/noxgamingqc/Minecraft server/hs_err_pid2248.log
#
# If you would like to submit a bug report, please visit:
#   https://github.com/Homebrew/homebrew-core/issues
#
Server stopped... restarting in 10 seconds
Starting org.bukkit.craftbukkit.Main
2026-03-06T19:41:20.566266Z ServerMain WARN Advanced terminal features are not available in this environment
[14:41:20 INFO]: [bootstrap] Running Java 21 (OpenJDK 64-Bit Server VM 21.0.10; Homebrew Homebrew) on Mac OS X 26.3 (aarch64)
[14:41:20 INFO]: [bootstrap] Loading Paper 1.21.4-225-main@0767902 (2025-04-11T21:49:39Z) for Minecraft 1.21.4
[14:41:21 INFO]: [PluginInitializerManager] Initializing plugins...
[14:41:21 INFO]: [PluginInitializerManager] Initialized 20 plugins
[14:41:21 INFO]: [PluginInitializerManager] Paper plugins (1):
 - EconomyShopGUI (6.10.2)
[14:41:21 INFO]: [PluginInitializerManager] Bukkit plugins (19):
 - BentoBox (3.2.3), ChunkLoader (3.2.1), DeluxeHub (3.5.5), DiscordSRV (1.29.0), Essentials (2.21.1-dev+14-3f5b122), EssentialsChat (2.21.0-dev+164-1a4d75c), EssentialsProtect (2.21.1-dev+14-3f5b122), Geyser-Spigot (2.7.1-SNAPSHOT), GroupManager (3.2 (Phoenix)), HeadsPlus (7.1.5), Multiverse-Core (4.3.13), Multiverse-Inventories (4.2.6), PlaceholderAPI (2.11.6), Vault (1.7.3-b131), ViaBackwards (5.3.2), ViaRewind (4.0.7), ViaVersion (5.3.2), dynmap (3.7-SNAPSHOT-968), floodgate (2.2.4-SNAPSHOT (b116-0e3163c))
[14:41:23 INFO]: Environment: Environment[sessionHost=https://sessionserver.mojang.com, servicesHost=https://api.minecraftservices.com, name=PROD]
[14:41:24 INFO]: Loaded 1370 recipes
[14:41:24 INFO]: Loaded 1481 advancements
[14:41:24 INFO]: [MCTypeRegistry] Initialising converters for DataConverter...
[14:41:24 INFO]: [MCTypeRegistry] Finished initialising converters for DataConverter in 139,6ms
[14:41:24 INFO]: Starting minecraft server version 1.21.4
[14:41:24 INFO]: Loading properties
[14:41:24 INFO]: This server is running Paper version 1.21.4-225-main@0767902 (2025-04-11T21:49:39Z) (Implementing API version 1.21.4-R0.1-SNAPSHOT)
[14:41:24 INFO]: [spark] This server bundles the spark profiler. For more information please visit https://docs.papermc.io/paper/profiling
[14:41:24 INFO]: Server Ping Player Sample Count: 12
[14:41:24 INFO]: Using 4 threads for Netty based IO
[14:41:25 INFO]: [MoonriseCommon] Paper is using 2 worker threads, 1 I/O threads
[14:41:25 INFO]: [ChunkTaskScheduler] Chunk system is using population gen parallelism: true
[14:41:25 INFO]: Default game type: SURVIVAL
[14:41:25 INFO]: Generating keypair
[14:41:25 INFO]: Starting Minecraft server on *:25565
[14:41:25 INFO]: Using default channel type
[14:41:25 INFO]: Paper: Using libdeflate (macOS ARM64 / Apple Silicon) compression from Velocity.
[14:41:25 INFO]: Paper: Using native (macOS ARM64 / Apple Silicon) cipher from Velocity.
[14:41:26 INFO]: [SpigotLibraryLoader] [GroupManager] Loading 6 libraries... please wait
[14:41:26 INFO]: [SpigotLibraryLoader] [GroupManager] Loaded library /Users/noxgamingqc/Minecraft server/libraries/org/postgresql/postgresql/42.4.2/postgresql-42.4.2.jar
[14:41:26 INFO]: [SpigotLibraryLoader] [GroupManager] Loaded library /Users/noxgamingqc/Minecraft server/libraries/org/checkerframework/checker-qual/3.5.0/checker-qual-3.5.0.jar
[14:41:26 INFO]: [SpigotLibraryLoader] [GroupManager] Loaded library /Users/noxgamingqc/Minecraft server/libraries/com/h2database/h2/2.1.214/h2-2.1.214.jar
[14:41:26 INFO]: [SpigotLibraryLoader] [GroupManager] Loaded library /Users/noxgamingqc/Minecraft server/libraries/mysql/mysql-connector-java/8.0.30/mysql-connector-java-8.0.30.jar
[14:41:26 INFO]: [SpigotLibraryLoader] [GroupManager] Loaded library /Users/noxgamingqc/Minecraft server/libraries/com/google/protobuf/protobuf-java/3.19.4/protobuf-java-3.19.4.jar
[14:41:26 INFO]: [SpigotLibraryLoader] [GroupManager] Loaded library /Users/noxgamingqc/Minecraft server/libraries/org/mariadb/jdbc/mariadb-java-client/3.0.7/mariadb-java-client-3.0.7.jar
[14:41:26 INFO]: [SpigotLibraryLoader] [GroupManager] Loaded library /Users/noxgamingqc/Minecraft server/libraries/com/zaxxer/HikariCP/5.0.1/HikariCP-5.0.1.jar
[14:41:26 INFO]: [SpigotLibraryLoader] [GroupManager] Loaded library /Users/noxgamingqc/Minecraft server/libraries/org/slf4j/slf4j-api/2.0.0/slf4j-api-2.0.0.jar
[14:41:26 INFO]: [SpigotLibraryLoader] [BentoBox] Loading 5 libraries... please wait
[14:41:26 INFO]: [SpigotLibraryLoader] [BentoBox] Loaded library /Users/noxgamingqc/Minecraft server/libraries/mysql/mysql-connector-java/8.0.27/mysql-connector-java-8.0.27.jar
[14:41:26 INFO]: [SpigotLibraryLoader] [BentoBox] Loaded library /Users/noxgamingqc/Minecraft server/libraries/com/google/protobuf/protobuf-java/3.11.4/protobuf-java-3.11.4.jar
[14:41:26 INFO]: [SpigotLibraryLoader] [BentoBox] Loaded library /Users/noxgamingqc/Minecraft server/libraries/org/mariadb/jdbc/mariadb-java-client/3.0.5/mariadb-java-client-3.0.5.jar
[14:41:26 INFO]: [SpigotLibraryLoader] [BentoBox] Loaded library /Users/noxgamingqc/Minecraft server/libraries/org/postgresql/postgresql/42.2.18/postgresql-42.2.18.jar
[14:41:26 INFO]: [SpigotLibraryLoader] [BentoBox] Loaded library /Users/noxgamingqc/Minecraft server/libraries/org/checkerframework/checker-qual/3.5.0/checker-qual-3.5.0.jar
[14:41:26 INFO]: [SpigotLibraryLoader] [BentoBox] Loaded library /Users/noxgamingqc/Minecraft server/libraries/org/mongodb/mongodb-driver/3.12.12/mongodb-driver-3.12.12.jar
[14:41:26 INFO]: [SpigotLibraryLoader] [BentoBox] Loaded library /Users/noxgamingqc/Minecraft server/libraries/org/mongodb/bson/3.12.12/bson-3.12.12.jar
[14:41:26 INFO]: [SpigotLibraryLoader] [BentoBox] Loaded library /Users/noxgamingqc/Minecraft server/libraries/org/mongodb/mongodb-driver-core/3.12.12/mongodb-driver-core-3.12.12.jar
[14:41:26 INFO]: [SpigotLibraryLoader] [BentoBox] Loaded library /Users/noxgamingqc/Minecraft server/libraries/com/zaxxer/HikariCP/5.0.1/HikariCP-5.0.1.jar
[14:41:26 INFO]: [SpigotLibraryLoader] [BentoBox] Loaded library /Users/noxgamingqc/Minecraft server/libraries/org/slf4j/slf4j-api/2.0.0-alpha1/slf4j-api-2.0.0-alpha1.jar
[14:41:26 INFO]: [PlaceholderAPI] Loading server plugin PlaceholderAPI v2.11.6
[14:41:26 INFO]: [Vault] Loading server plugin Vault v1.7.3-b131
[14:41:26 INFO]: [GroupManager] Loading server plugin GroupManager v3.2 (Phoenix)
[14:41:26 INFO]: [GroupManager] Dependencies: OK
[14:41:26 INFO]: [dynmap] Loading server plugin dynmap v3.7-SNAPSHOT-968
[14:41:26 INFO]: [dynmap] version=1.21.4-225-0767902 (MC: 1.21.4)
[14:41:26 INFO]: [dynmap] Mod Support API available
[14:41:26 INFO]: [BentoBox] Loading server plugin BentoBox v3.2.3
[14:41:26 INFO]: [Multiverse-Core] Loading server plugin Multiverse-Core v4.3.13
[14:41:26 INFO]: [DeluxeHub] Loading server plugin DeluxeHub v3.5.5
[14:41:26 INFO]: [floodgate] Loading server plugin floodgate v2.2.4-SNAPSHOT (b116-0e3163c)
[14:41:26 INFO]: [floodgate] Floodgate pris 199ms à se lancer
[14:41:26 INFO]: [ViaVersion] Loading server plugin ViaVersion v5.3.2
[14:41:26 INFO]: [ViaVersion] ViaVersion 5.3.2 is now loaded. Registering protocol transformers and injecting...
[14:41:26 INFO]: [ViaVersion] Loading block connection mappings ...
[14:41:26 INFO]: [ViaVersion] Using FastUtil Long2ObjectOpenHashMap for block connections
[14:41:26 INFO]: [ViaBackwards] Loading translations...
[14:41:26 INFO]: [ViaBackwards] Registering protocols...
[14:41:26 INFO]: [ViaRewind] Registering protocols...
[14:41:27 INFO]: [Essentials] Loading server plugin Essentials v2.21.1-dev+14-3f5b122
[14:41:27 INFO]: [Geyser-Spigot] Loading server plugin Geyser-Spigot v2.7.1-SNAPSHOT
[14:41:27 INFO]: [Geyser-Spigot] Chargement des extensions...
[14:41:27 INFO]: [Geyser-Spigot] 0 extension(s) chargé(s)
[14:41:27 INFO]: [EssentialsChat] Loading server plugin EssentialsChat v2.21.0-dev+164-1a4d75c
[14:41:27 INFO]: [ViaBackwards] Loading server plugin ViaBackwards v5.3.2
[14:41:27 INFO]: [EssentialsProtect] Loading server plugin EssentialsProtect v2.21.1-dev+14-3f5b122
[14:41:27 INFO]: [ChunkLoader] Loading server plugin ChunkLoader v3.2.1
[14:41:27 INFO]: [EconomyShopGUI] Loading server plugin EconomyShopGUI v6.10.2
[14:41:27 INFO]: [ViaRewind] Loading server plugin ViaRewind v4.0.7
[14:41:27 INFO]: [DiscordSRV] Loading server plugin DiscordSRV v1.29.0
[14:41:27 INFO]: [Multiverse-Inventories] Loading server plugin Multiverse-Inventories v4.2.6
[14:41:27 INFO]: [HeadsPlus] Loading server plugin HeadsPlus v7.1.5
[14:41:27 INFO]: Server permissions file permissions.yml is empty, ignoring it
[14:41:27 INFO]: [Vault] Enabling Vault v1.7.3-b131
[14:41:27 INFO]: [Vault] [Economy] Essentials Economy found: Waiting
[14:41:27 INFO]: [Vault] [Permission] GroupManager found: Waiting
[14:41:27 INFO]: [Vault] [Permission] SuperPermissions loaded as backup permission system.
[14:41:27 INFO]: [Vault] [Chat] GroupManager found: Waiting
[14:41:27 INFO]: [Vault] Enabled Version 1.7.3-b131
[14:41:27 INFO]: [BentoBox] Enabling BentoBox v3.2.3
[14:41:27 INFO]: [BentoBox] Loading Settings from config.yml...
[14:41:27 INFO]: [BentoBox] Saving default panels...
[14:41:27 INFO]: [BentoBox] Loading addons...
[14:41:27 INFO]: [BentoBox] Loaded 0 addons.
[14:41:27 INFO]: [ViaRewind] Enabling ViaRewind v4.0.7
[14:41:27 INFO]: Preparing level "world"
[14:42:37 INFO]: Preparing start region for dimension minecraft:overworld
[14:42:37 INFO]: Preparing spawn area: 0%
[14:42:37 INFO]: Time elapsed: 394 ms
[14:42:37 INFO]: Preparing start region for dimension minecraft:the_nether
[14:42:37 INFO]: Preparing spawn area: 0%
[14:42:37 INFO]: Time elapsed: 99 ms
[14:42:37 INFO]: Preparing start region for dimension minecraft:the_end
[14:42:37 INFO]: Preparing spawn area: 0%
[14:42:37 INFO]: Time elapsed: 30 ms
[14:42:37 INFO]: [PlaceholderAPI] Enabling PlaceholderAPI v2.11.6
[14:42:37 INFO]: [PlaceholderAPI] Fetching available expansion information...
[14:42:37 INFO]: [GroupManager] Enabling GroupManager v3.2 (Phoenix)
[14:42:37 INFO]: [GroupManager] OfflinePlayers cached ( 4 ).
[14:42:37 INFO]: [GroupManager] World Found: world
[14:42:37 INFO]: [GroupManager] Superperms support enabled.
[14:42:37 INFO]: [PlaceholderAPI] Successfully registered internal expansion: groupmanager [1.0.0]
[14:42:37 INFO]: [GroupManager] Add-ons: PlaceholderAPI v2.11.6
[14:42:37 INFO]: [GroupManager] Scheduled Data Saving is set for every 10 minutes!
[14:42:37 INFO]: [GroupManager] Backups will be retained for 24 hours!
[14:42:37 INFO]: [GroupManager] DataSource - YAML
[14:42:37 INFO]: [GroupManager] version 3.2 (Phoenix) is enabled!
[14:42:37 INFO]: [Vault][Permission] GroupManager hooked.
[14:42:37 INFO]: [Vault] [Vault][Chat] GroupManager - Chat hooked.
[14:42:37 INFO]: [dynmap] Enabling dynmap v3.7-SNAPSHOT-968
[14:42:37 INFO]: [dynmap] Added 21 custom biome mappings
[14:42:37 INFO]: [dynmap] Using GroupManager 3.2 (Phoenix) for access control
[14:42:37 INFO]: [dynmap] Mod Support processing completed
[14:42:38 INFO]: [dynmap] Loaded 27 shaders.
[14:42:38 INFO]: [dynmap] Loaded 83 perspectives.
[14:42:38 INFO]: [dynmap] Loaded 22 lightings.
[14:42:38 INFO]: [dynmap] Starting enter/exit processing
[14:42:38 INFO]: [dynmap] Finish marker initialization
[14:42:38 INFO]: [dynmap] Web server started on address 0.0.0.0:8123
[14:42:38 INFO]: [dynmap] version 3.7-SNAPSHOT-968 is enabled - core version 3.7-SNAPSHOT-985
[14:42:38 INFO]: [dynmap] For support, visit our Discord at https://discord.gg/s3rd5qn
[14:42:38 INFO]: [dynmap] For news, visit https://reddit.com/r/Dynmap or follow https://universeodon.com/@dynmap
[14:42:38 INFO]: [dynmap] To report or track bugs, visit https://github.com/webbukkit/dynmap/issues
[14:42:38 INFO]: [dynmap] If you'd like to donate, please visit https://www.patreon.com/dynmap or https://ko-fi.com/michaelprimm
[14:42:38 INFO]: [dynmap] Loaded 3 maps of world 'world'.
[14:42:38 INFO]: [dynmap] Loaded 2 maps of world 'world_nether'.
[14:42:38 INFO]: [dynmap] Loaded 2 maps of world 'world_the_end'.
[14:42:38 INFO]: [dynmap] Enabled
[14:42:38 INFO]: [Multiverse-Core] Enabling Multiverse-Core v4.3.13
[14:42:38 WARN]: [Multiverse-Core] "Multiverse-Core v4.3.13" has registered a listener for org.bukkit.event.entity.EntityCreatePortalEvent on method "public void com.onarandombox.MultiverseCore.listeners.MVPortalListener.entityPortalCreate(org.bukkit.event.entity.EntityCreatePortalEvent)", but the event is Deprecated. "Server performance will be affected"; please notify the authors [dumptruckman, Rigby, fernferret, lithium3141, main--].
[14:42:38 INFO]: [Multiverse-Core] §aWe are aware of the warning about the deprecated event. There is no alternative that allows us to do what we need to do and performance impact is negligible. It is safe to ignore.
[14:42:38 INFO]: [Multiverse-Core] 3 - World(s) loaded.
[14:42:38 WARN]: [Multiverse-Core] Buscript failed to load! The script command will be disabled! If you would like not to see this message, use `/mv conf enablebuscript false` to disable Buscript from loading.
[14:42:38 INFO]: [Multiverse-Core] Version 4.3.13 (API v24) Enabled - By dumptruckman, Rigby, fernferret, lithium3141 and main--
[14:42:38 INFO]: [DeluxeHub] Enabling DeluxeHub v3.5.5
[14:42:38 INFO]: [DeluxeHub]  _   _            _          _    _ 
[14:42:38 INFO]: [DeluxeHub] | \ |_ |  | | \/ |_ |_| | | |_)   _)
[14:42:38 INFO]: [DeluxeHub] |_/ |_ |_ |_| /\ |_ | | |_| |_)   _)
[14:42:38 INFO]: [DeluxeHub] 
[14:42:38 INFO]: [DeluxeHub] Version: 3.5.5
[14:42:38 INFO]: [DeluxeHub] Author: ItsLewizzz
[14:42:38 INFO]: [DeluxeHub] 
[14:42:38 INFO]: [DeluxeHub]  Hooked into PlaceholderAPI
[14:42:38 INFO]: [DeluxeHub] Loaded custom menu 'serverselector'.
[14:42:38 WARN]: [NBTAPI] [NBTAPI] Error while trying to resolve the class 'inventory.CraftItemStack'!
java.lang.ArrayIndexOutOfBoundsException: Index 3 out of bounds for length 3
	at DeluxeHub-3.5.5.jar/fun.lewisdev.deluxehub.libs.nbt.utils.MinecraftVersion.getVersion(MinecraftVersion.java:111) ~[DeluxeHub-3.5.5.jar:?]
	at DeluxeHub-3.5.5.jar/fun.lewisdev.deluxehub.libs.nbt.utils.MinecraftVersion.isAtLeastVersion(MinecraftVersion.java:88) ~[DeluxeHub-3.5.5.jar:?]
	at DeluxeHub-3.5.5.jar/fun.lewisdev.deluxehub.libs.nbt.utils.nmsmappings.ClassWrapper.<init>(ClassWrapper.java:86) ~[DeluxeHub-3.5.5.jar:?]
	at DeluxeHub-3.5.5.jar/fun.lewisdev.deluxehub.libs.nbt.utils.nmsmappings.ClassWrapper.<init>(ClassWrapper.java:72) ~[DeluxeHub-3.5.5.jar:?]
	at DeluxeHub-3.5.5.jar/fun.lewisdev.deluxehub.libs.nbt.utils.nmsmappings.ClassWrapper.<clinit>(ClassWrapper.java:17) ~[DeluxeHub-3.5.5.jar:?]
	at DeluxeHub-3.5.5.jar/fun.lewisdev.deluxehub.libs.nbt.utils.nmsmappings.ReflectionMethod.<clinit>(ReflectionMethod.java:24) ~[DeluxeHub-3.5.5.jar:?]
	at DeluxeHub-3.5.5.jar/fun.lewisdev.deluxehub.libs.nbt.NBTCompound.setString(NBTCompound.java:176) ~[DeluxeHub-3.5.5.jar:?]
	at DeluxeHub-3.5.5.jar/fun.lewisdev.deluxehub.module.modules.hotbar.HotbarItem.<init>(HotbarItem.java:37) ~[DeluxeHub-3.5.5.jar:?]
	at DeluxeHub-3.5.5.jar/fun.lewisdev.deluxehub.module.modules.hotbar.items.CustomItem.<init>(CustomItem.java:16) ~[DeluxeHub-3.5.5.jar:?]
	at DeluxeHub-3.5.5.jar/fun.lewisdev.deluxehub.module.modules.hotbar.HotbarManager.onEnable(HotbarManager.java:34) ~[DeluxeHub-3.5.5.jar:?]
	at DeluxeHub-3.5.5.jar/fun.lewisdev.deluxehub.module.ModuleManager.loadModules(ModuleManager.java:73) ~[DeluxeHub-3.5.5.jar:?]
	at DeluxeHub-3.5.5.jar/fun.lewisdev.deluxehub.DeluxeHubPlugin.onEnable(DeluxeHubPlugin.java:95) ~[DeluxeHub-3.5.5.jar:?]
	at org.bukkit.plugin.java.JavaPlugin.setEnabled(JavaPlugin.java:280) ~[paper-api-1.21.4-R0.1-SNAPSHOT.jar:?]
	at io.papermc.paper.plugin.manager.PaperPluginInstanceManager.enablePlugin(PaperPluginInstanceManager.java:202) ~[paper-1.21.4.jar:1.21.4-225-0767902]
	at io.papermc.paper.plugin.manager.PaperPluginManagerImpl.enablePlugin(PaperPluginManagerImpl.java:109) ~[paper-1.21.4.jar:1.21.4-225-0767902]
	at org.bukkit.plugin.SimplePluginManager.enablePlugin(SimplePluginManager.java:520) ~[paper-api-1.21.4-R0.1-SNAPSHOT.jar:?]
	at org.bukkit.craftbukkit.CraftServer.enablePlugin(CraftServer.java:657) ~[paper-1.21.4.jar:1.21.4-225-0767902]
	at org.bukkit.craftbukkit.CraftServer.enablePlugins(CraftServer.java:606) ~[paper-1.21.4.jar:1.21.4-225-0767902]
	at net.minecraft.server.MinecraftServer.loadWorld0(MinecraftServer.java:743) ~[paper-1.21.4.jar:1.21.4-225-0767902]
	at net.minecraft.server.MinecraftServer.loadLevel(MinecraftServer.java:488) ~[paper-1.21.4.jar:1.21.4-225-0767902]
	at net.minecraft.server.dedicated.DedicatedServer.initServer(DedicatedServer.java:322) ~[paper-1.21.4.jar:1.21.4-225-0767902]
	at net.minecraft.server.MinecraftServer.runServer(MinecraftServer.java:1163) ~[paper-1.21.4.jar:1.21.4-225-0767902]
	at net.minecraft.server.MinecraftServer.lambda$spin$2(MinecraftServer.java:310) ~[paper-1.21.4.jar:1.21.4-225-0767902]
	at java.base/java.lang.Thread.run(Thread.java:1583) ~[?:?]
[14:42:38 WARN]: [NBTAPI] [NBTAPI] Error while trying to resolve the class 'inventory.CraftMetaItem'!
java.lang.ArrayIndexOutOfBoundsException: Index 3 out of bounds for length 3
	at DeluxeHub-3.5.5.jar/fun.lewisdev.deluxehub.libs.nbt.utils.MinecraftVersion.getVersion(MinecraftVersion.java:111) ~[DeluxeHub-3.5.5.jar:?]
	at DeluxeHub-3.5.5.jar/fun.lewisdev.deluxehub.libs.nbt.utils.MinecraftVersion.isAtLeastVersion(MinecraftVersion.java:88) ~[DeluxeHub-3.5.5.jar:?]
	at DeluxeHub-3.5.5.jar/fun.lewisdev.deluxehub.libs.nbt.utils.nmsmappings.ClassWrapper.<init>(ClassWrapper.java:86) ~[DeluxeHub-3.5.5.jar:?]
	at DeluxeHub-3.5.5.jar/fun.lewisdev.deluxehub.libs.nbt.utils.nmsmappings.ClassWrapper.<init>(ClassWrapper.java:72) ~[DeluxeHub-3.5.5.jar:?]
	at DeluxeHub-3.5.5.jar/fun.lewisdev.deluxehub.libs.nbt.utils.nmsmappings.ClassWrapper.<clinit>(ClassWrapper.java:18) ~[DeluxeHub-3.5.5.jar:?]
	at DeluxeHub-3.5.5.jar/fun.lewisdev.deluxehub.libs.nbt.utils.nmsmappings.ReflectionMethod.<clinit>(ReflectionMethod.java:24) ~[DeluxeHub-3.5.5.jar:?]
	at DeluxeHub-3.5.5.jar/fun.lewisdev.deluxehub.libs.nbt.NBTCompound.setString(NBTCompound.java:176) ~[DeluxeHub-3.5.5.jar:?]
	at DeluxeHub-3.5.5.jar/fun.lewisdev.deluxehub.module.modules.hotbar.HotbarItem.<init>(HotbarItem.java:37) ~[DeluxeHub-3.5.5.jar:?]
	at DeluxeHub-3.5.5.jar/fun.lewisdev.deluxehub.module.modules.hotbar.items.CustomItem.<init>(CustomItem.java:16) ~[DeluxeHub-3.5.5.jar:?]
	at DeluxeHub-3.5.5.jar/fun.lewisdev.deluxehub.module.modules.hotbar.HotbarManager.onEnable(HotbarManager.java:34) ~[DeluxeHub-3.5.5.jar:?]
	at DeluxeHub-3.5.5.jar/fun.lewisdev.deluxehub.module.ModuleManager.loadModules(ModuleManager.java:73) ~[DeluxeHub-3.5.5.jar:?]
	at DeluxeHub-3.5.5.jar/fun.lewisdev.deluxehub.DeluxeHubPlugin.onEnable(DeluxeHubPlugin.java:95) ~[DeluxeHub-3.5.5.jar:?]
	at org.bukkit.plugin.java.JavaPlugin.setEnabled(JavaPlugin.java:280) ~[paper-api-1.21.4-R0.1-SNAPSHOT.jar:?]
	at io.papermc.paper.plugin.manager.PaperPluginInstanceManager.enablePlugin(PaperPluginInstanceManager.java:202) ~[paper-1.21.4.jar:1.21.4-225-0767902]
	at io.papermc.paper.plugin.manager.PaperPluginManagerImpl.enablePlugin(PaperPluginManagerImpl.java:109) ~[paper-1.21.4.jar:1.21.4-225-0767902]
	at org.bukkit.plugin.SimplePluginManager.enablePlugin(SimplePluginManager.java:520) ~[paper-api-1.21.4-R0.1-SNAPSHOT.jar:?]
	at org.bukkit.craftbukkit.CraftServer.enablePlugin(CraftServer.java:657) ~[paper-1.21.4.jar:1.21.4-225-0767902]
	at org.bukkit.craftbukkit.CraftServer.enablePlugins(CraftServer.java:606) ~[paper-1.21.4.jar:1.21.4-225-0767902]
	at net.minecraft.server.MinecraftServer.loadWorld0(MinecraftServer.java:743) ~[paper-1.21.4.jar:1.21.4-225-0767902]
	at net.minecraft.server.MinecraftServer.loadLevel(MinecraftServer.java:488) ~[paper-1.21.4.jar:1.21.4-225-0767902]
	at net.minecraft.server.dedicated.DedicatedServer.initServer(DedicatedServer.java:322) ~[paper-1.21.4.jar:1.21.4-225-0767902]
	at net.minecraft.server.MinecraftServer.runServer(MinecraftServer.java:1163) ~[paper-1.21.4.jar:1.21.4-225-0767902]
	at net.minecraft.server.MinecraftServer.lambda$spin$2(MinecraftServer.java:310) ~[paper-1.21.4.jar:1.21.4-225-0767902]
	at java.base/java.lang.Thread.run(Thread.java:1583) ~[?:?]
[14:42:38 WARN]: [NBTAPI] [NBTAPI] Error while trying to resolve the class 'entity.CraftEntity'!
java.lang.ArrayIndexOutOfBoundsException: Index 3 out of bounds for length 3
	at DeluxeHub-3.5.5.jar/fun.lewisdev.deluxehub.libs.nbt.utils.MinecraftVersion.getVersion(MinecraftVersion.java:111) ~[DeluxeHub-3.5.5.jar:?]
	at DeluxeHub-3.5.5.jar/fun.lewisdev.deluxehub.libs.nbt.utils.MinecraftVersion.isAtLeastVersion(MinecraftVersion.java:88) ~[DeluxeHub-3.5.5.jar:?]
	at DeluxeHub-3.5.5.jar/fun.lewisdev.deluxehub.libs.nbt.utils.nmsmappings.ClassWrapper.<init>(ClassWrapper.java:86) ~[DeluxeHub-3.5.5.jar:?]
	at DeluxeHub-3.5.5.jar/fun.lewisdev.deluxehub.libs.nbt.utils.nmsmappings.ClassWrapper.<init>(ClassWrapper.java:72) ~[DeluxeHub-3.5.5.jar:?]
	at DeluxeHub-3.5.5.jar/fun.lewisdev.deluxehub.libs.nbt.utils.nmsmappings.ClassWrapper.<clinit>(ClassWrapper.java:19) ~[DeluxeHub-3.5.5.jar:?]
	at DeluxeHub-3.5.5.jar/fun.lewisdev.deluxehub.libs.nbt.utils.nmsmappings.ReflectionMethod.<clinit>(ReflectionMethod.java:24) ~[DeluxeHub-3.5.5.jar:?]
	at DeluxeHub-3.5.5.jar/fun.lewisdev.deluxehub.libs.nbt.NBTCompound.setString(NBTCompound.java:176) ~[DeluxeHub-3.5.5.jar:?]
	at DeluxeHub-3.5.5.jar/fun.lewisdev.deluxehub.module.modules.hotbar.HotbarItem.<init>(HotbarItem.java:37) ~[DeluxeHub-3.5.5.jar:?]
	at DeluxeHub-3.5.5.jar/fun.lewisdev.deluxehub.module.modules.hotbar.items.CustomItem.<init>(CustomItem.java:16) ~[DeluxeHub-3.5.5.jar:?]
	at DeluxeHub-3.5.5.jar/fun.lewisdev.deluxehub.module.modules.hotbar.HotbarManager.onEnable(HotbarManager.java:34) ~[DeluxeHub-3.5.5.jar:?]
	at DeluxeHub-3.5.5.jar/fun.lewisdev.deluxehub.module.ModuleManager.loadModules(ModuleManager.java:73) ~[DeluxeHub-3.5.5.jar:?]
	at DeluxeHub-3.5.5.jar/fun.lewisdev.deluxehub.DeluxeHubPlugin.onEnable(DeluxeHubPlugin.java:95) ~[DeluxeHub-3.5.5.jar:?]
	at org.bukkit.plugin.java.JavaPlugin.setEnabled(JavaPlugin.java:280) ~[paper-api-1.21.4-R0.1-SNAPSHOT.jar:?]
	at io.papermc.paper.plugin.manager.PaperPluginInstanceManager.enablePlugin(PaperPluginInstanceManager.java:202) ~[paper-1.21.4.jar:1.21.4-225-0767902]
	at io.papermc.paper.plugin.manager.PaperPluginManagerImpl.enablePlugin(PaperPluginManagerImpl.java:109) ~[paper-1.21.4.jar:1.21.4-225-0767902]
	at org.bukkit.plugin.SimplePluginManager.enablePlugin(SimplePluginManager.java:520) ~[paper-api-1.21.4-R0.1-SNAPSHOT.jar:?]
	at org.bukkit.craftbukkit.CraftServer.enablePlugin(CraftServer.java:657) ~[paper-1.21.4.jar:1.21.4-225-0767902]
	at org.bukkit.craftbukkit.CraftServer.enablePlugins(CraftServer.java:606) ~[paper-1.21.4.jar:1.21.4-225-0767902]
	at net.minecraft.server.MinecraftServer.loadWorld0(MinecraftServer.java:743) ~[paper-1.21.4.jar:1.21.4-225-0767902]
	at net.minecraft.server.MinecraftServer.loadLevel(MinecraftServer.java:488) ~[paper-1.21.4.jar:1.21.4-225-0767902]
	at net.minecraft.server.dedicated.DedicatedServer.initServer(DedicatedServer.java:322) ~[paper-1.21.4.jar:1.21.4-225-0767902]
	at net.minecraft.server.MinecraftServer.runServer(MinecraftServer.java:1163) ~[paper-1.21.4.jar:1.21.4-225-0767902]
	at net.minecraft.server.MinecraftServer.lambda$spin$2(MinecraftServer.java:310) ~[paper-1.21.4.jar:1.21.4-225-0767902]
	at java.base/java.lang.Thread.run(Thread.java:1583) ~[?:?]
[14:42:38 WARN]: [NBTAPI] [NBTAPI] Error while trying to resolve the class 'CraftWorld'!
java.lang.ArrayIndexOutOfBoundsException: Index 3 out of bounds for length 3
	at DeluxeHub-3.5.5.jar/fun.lewisdev.deluxehub.libs.nbt.utils.MinecraftVersion.getVersion(MinecraftVersion.java:111) ~[DeluxeHub-3.5.5.jar:?]
	at DeluxeHub-3.5.5.jar/fun.lewisdev.deluxehub.libs.nbt.utils.MinecraftVersion.isAtLeastVersion(MinecraftVersion.java:88) ~[DeluxeHub-3.5.5.jar:?]
	at DeluxeHub-3.5.5.jar/fun.lewisdev.deluxehub.libs.nbt.utils.nmsmappings.ClassWrapper.<init>(ClassWrapper.java:86) ~[DeluxeHub-3.5.5.jar:?]
	at DeluxeHub-3.5.5.jar/fun.lewisdev.deluxehub.libs.nbt.utils.nmsmappings.ClassWrapper.<init>(ClassWrapper.java:72) ~[DeluxeHub-3.5.5.jar:?]
	at DeluxeHub-3.5.5.jar/fun.lewisdev.deluxehub.libs.nbt.utils.nmsmappings.ClassWrapper.<clinit>(ClassWrapper.java:20) ~[DeluxeHub-3.5.5.jar:?]
	at DeluxeHub-3.5.5.jar/fun.lewisdev.deluxehub.libs.nbt.utils.nmsmappings.ReflectionMethod.<clinit>(ReflectionMethod.java:24) ~[DeluxeHub-3.5.5.jar:?]
	at DeluxeHub-3.5.5.jar/fun.lewisdev.deluxehub.libs.nbt.NBTCompound.setString(NBTCompound.java:176) ~[DeluxeHub-3.5.5.jar:?]
	at DeluxeHub-3.5.5.jar/fun.lewisdev.deluxehub.module.modules.hotbar.HotbarItem.<init>(HotbarItem.java:37) ~[DeluxeHub-3.5.5.jar:?]
	at DeluxeHub-3.5.5.jar/fun.lewisdev.deluxehub.module.modules.hotbar.items.CustomItem.<init>(CustomItem.java:16) ~[DeluxeHub-3.5.5.jar:?]
	at DeluxeHub-3.5.5.jar/fun.lewisdev.deluxehub.module.modules.hotbar.HotbarManager.onEnable(HotbarManager.java:34) ~[DeluxeHub-3.5.5.jar:?]
	at DeluxeHub-3.5.5.jar/fun.lewisdev.deluxehub.module.ModuleManager.loadModules(ModuleManager.java:73) ~[DeluxeHub-3.5.5.jar:?]
	at DeluxeHub-3.5.5.jar/fun.lewisdev.deluxehub.DeluxeHubPlugin.onEnable(DeluxeHubPlugin.java:95) ~[DeluxeHub-3.5.5.jar:?]
	at org.bukkit.plugin.java.JavaPlugin.setEnabled(JavaPlugin.java:280) ~[paper-api-1.21.4-R0.1-SNAPSHOT.jar:?]
	at io.papermc.paper.plugin.manager.PaperPluginInstanceManager.enablePlugin(PaperPluginInstanceManager.java:202) ~[paper-1.21.4.jar:1.21.4-225-0767902]
	at io.papermc.paper.plugin.manager.PaperPluginManagerImpl.enablePlugin(PaperPluginManagerImpl.java:109) ~[paper-1.21.4.jar:1.21.4-225-0767902]
	at org.bukkit.plugin.SimplePluginManager.enablePlugin(SimplePluginManager.java:520) ~[paper-api-1.21.4-R0.1-SNAPSHOT.jar:?]
	at org.bukkit.craftbukkit.CraftServer.enablePlugin(CraftServer.java:657) ~[paper-1.21.4.jar:1.21.4-225-0767902]
	at org.bukkit.craftbukkit.CraftServer.enablePlugins(CraftServer.java:606) ~[paper-1.21.4.jar:1.21.4-225-0767902]
	at net.minecraft.server.MinecraftServer.loadWorld0(MinecraftServer.java:743) ~[paper-1.21.4.jar:1.21.4-225-0767902]
	at net.minecraft.server.MinecraftServer.loadLevel(MinecraftServer.java:488) ~[paper-1.21.4.jar:1.21.4-225-0767902]
	at net.minecraft.server.dedicated.DedicatedServer.initServer(DedicatedServer.java:322) ~[paper-1.21.4.jar:1.21.4-225-0767902]
	at net.minecraft.server.MinecraftServer.runServer(MinecraftServer.java:1163) ~[paper-1.21.4.jar:1.21.4-225-0767902]
	at net.minecraft.server.MinecraftServer.lambda$spin$2(MinecraftServer.java:310) ~[paper-1.21.4.jar:1.21.4-225-0767902]
	at java.base/java.lang.Thread.run(Thread.java:1583) ~[?:?]
[14:42:38 ERROR]: Error occurred while enabling DeluxeHub v3.5.5 (Is it up to date?)
java.lang.ExceptionInInitializerError: null
	at DeluxeHub-3.5.5.jar/fun.lewisdev.deluxehub.libs.nbt.utils.nmsmappings.ReflectionMethod.<clinit>(ReflectionMethod.java:24) ~[DeluxeHub-3.5.5.jar:?]
	at DeluxeHub-3.5.5.jar/fun.lewisdev.deluxehub.libs.nbt.NBTCompound.setString(NBTCompound.java:176) ~[DeluxeHub-3.5.5.jar:?]
	at DeluxeHub-3.5.5.jar/fun.lewisdev.deluxehub.module.modules.hotbar.HotbarItem.<init>(HotbarItem.java:37) ~[DeluxeHub-3.5.5.jar:?]
	at DeluxeHub-3.5.5.jar/fun.lewisdev.deluxehub.module.modules.hotbar.items.CustomItem.<init>(CustomItem.java:16) ~[DeluxeHub-3.5.5.jar:?]
	at DeluxeHub-3.5.5.jar/fun.lewisdev.deluxehub.module.modules.hotbar.HotbarManager.onEnable(HotbarManager.java:34) ~[DeluxeHub-3.5.5.jar:?]
	at DeluxeHub-3.5.5.jar/fun.lewisdev.deluxehub.module.ModuleManager.loadModules(ModuleManager.java:73) ~[DeluxeHub-3.5.5.jar:?]
	at DeluxeHub-3.5.5.jar/fun.lewisdev.deluxehub.DeluxeHubPlugin.onEnable(DeluxeHubPlugin.java:95) ~[DeluxeHub-3.5.5.jar:?]
	at org.bukkit.plugin.java.JavaPlugin.setEnabled(JavaPlugin.java:280) ~[paper-api-1.21.4-R0.1-SNAPSHOT.jar:?]
	at io.papermc.paper.plugin.manager.PaperPluginInstanceManager.enablePlugin(PaperPluginInstanceManager.java:202) ~[paper-1.21.4.jar:1.21.4-225-0767902]
	at io.papermc.paper.plugin.manager.PaperPluginManagerImpl.enablePlugin(PaperPluginManagerImpl.java:109) ~[paper-1.21.4.jar:1.21.4-225-0767902]
	at org.bukkit.plugin.SimplePluginManager.enablePlugin(SimplePluginManager.java:520) ~[paper-api-1.21.4-R0.1-SNAPSHOT.jar:?]
	at org.bukkit.craftbukkit.CraftServer.enablePlugin(CraftServer.java:657) ~[paper-1.21.4.jar:1.21.4-225-0767902]
	at org.bukkit.craftbukkit.CraftServer.enablePlugins(CraftServer.java:606) ~[paper-1.21.4.jar:1.21.4-225-0767902]
	at net.minecraft.server.MinecraftServer.loadWorld0(MinecraftServer.java:743) ~[paper-1.21.4.jar:1.21.4-225-0767902]
	at net.minecraft.server.MinecraftServer.loadLevel(MinecraftServer.java:488) ~[paper-1.21.4.jar:1.21.4-225-0767902]
	at net.minecraft.server.dedicated.DedicatedServer.initServer(DedicatedServer.java:322) ~[paper-1.21.4.jar:1.21.4-225-0767902]
	at net.minecraft.server.MinecraftServer.runServer(MinecraftServer.java:1163) ~[paper-1.21.4.jar:1.21.4-225-0767902]
	at net.minecraft.server.MinecraftServer.lambda$spin$2(MinecraftServer.java:310) ~[paper-1.21.4.jar:1.21.4-225-0767902]
	at java.base/java.lang.Thread.run(Thread.java:1583) ~[?:?]
Caused by: java.lang.ArrayIndexOutOfBoundsException: Index 3 out of bounds for length 3
	at DeluxeHub-3.5.5.jar/fun.lewisdev.deluxehub.libs.nbt.utils.MinecraftVersion.getVersion(MinecraftVersion.java:111) ~[DeluxeHub-3.5.5.jar:?]
	at DeluxeHub-3.5.5.jar/fun.lewisdev.deluxehub.libs.nbt.utils.nmsmappings.ClassWrapper.<init>(ClassWrapper.java:78) ~[DeluxeHub-3.5.5.jar:?]
	at DeluxeHub-3.5.5.jar/fun.lewisdev.deluxehub.libs.nbt.utils.nmsmappings.ClassWrapper.<init>(ClassWrapper.java:72) ~[DeluxeHub-3.5.5.jar:?]
	at DeluxeHub-3.5.5.jar/fun.lewisdev.deluxehub.libs.nbt.utils.nmsmappings.ClassWrapper.<clinit>(ClassWrapper.java:21) ~[DeluxeHub-3.5.5.jar:?]
	... 19 more
[14:42:38 INFO]: [DeluxeHub] Disabling DeluxeHub v3.5.5
[14:42:38 WARN]: java.lang.NullPointerException: Cannot invoke "java.util.Set.forEach(java.util.function.Consumer)" because "this.holograms" is null
[14:42:38 WARN]: 	at DeluxeHub-3.5.5.jar//fun.lewisdev.deluxehub.module.modules.hologram.HologramManager.saveHolograms(HologramManager.java:61)
[14:42:38 WARN]: 	at DeluxeHub-3.5.5.jar//fun.lewisdev.deluxehub.module.modules.hologram.HologramManager.onDisable(HologramManager.java:36)
[14:42:38 WARN]: 	at DeluxeHub-3.5.5.jar//fun.lewisdev.deluxehub.module.ModuleManager.unloadModules(ModuleManager.java:92)
[14:42:38 WARN]: 	at DeluxeHub-3.5.5.jar//fun.lewisdev.deluxehub.DeluxeHubPlugin.onDisable(DeluxeHubPlugin.java:113)
[14:42:38 WARN]: 	at org.bukkit.plugin.java.JavaPlugin.setEnabled(JavaPlugin.java:286)
[14:42:38 WARN]: 	at io.papermc.paper.plugin.manager.PaperPluginInstanceManager.disablePlugin(PaperPluginInstanceManager.java:237)
[14:42:38 WARN]: 	at io.papermc.paper.plugin.manager.PaperPluginManagerImpl.disablePlugin(PaperPluginManagerImpl.java:114)
[14:42:38 WARN]: 	at org.bukkit.plugin.SimplePluginManager.disablePlugin(SimplePluginManager.java:550)
[14:42:38 WARN]: 	at io.papermc.paper.plugin.manager.PaperPluginInstanceManager.enablePlugin(PaperPluginInstanceManager.java:206)
[14:42:38 WARN]: 	at io.papermc.paper.plugin.manager.PaperPluginManagerImpl.enablePlugin(PaperPluginManagerImpl.java:109)
[14:42:38 WARN]: 	at org.bukkit.plugin.SimplePluginManager.enablePlugin(SimplePluginManager.java:520)
[14:42:38 WARN]: 	at org.bukkit.craftbukkit.CraftServer.enablePlugin(CraftServer.java:657)
[14:42:38 WARN]: 	at org.bukkit.craftbukkit.CraftServer.enablePlugins(CraftServer.java:606)
[14:42:38 WARN]: 	at net.minecraft.server.MinecraftServer.loadWorld0(MinecraftServer.java:743)
[14:42:38 WARN]: 	at net.minecraft.server.MinecraftServer.loadLevel(MinecraftServer.java:488)
[14:42:38 WARN]: 	at net.minecraft.server.dedicated.DedicatedServer.initServer(DedicatedServer.java:322)
[14:42:38 WARN]: 	at net.minecraft.server.MinecraftServer.runServer(MinecraftServer.java:1163)
[14:42:38 WARN]: 	at net.minecraft.server.MinecraftServer.lambda$spin$2(MinecraftServer.java:310)
[14:42:38 WARN]: 	at java.base/java.lang.Thread.run(Thread.java:1583)
[14:42:38 ERROR]: [DeluxeHub] There was an error unloading the HOLOGRAMS module.
[14:42:38 WARN]: java.lang.NullPointerException: Cannot invoke "java.util.List.clear()" because "this.vanished" is null
[14:42:38 WARN]: 	at DeluxeHub-3.5.5.jar//fun.lewisdev.deluxehub.module.modules.player.PlayerVanish.onDisable(PlayerVanish.java:34)
[14:42:38 WARN]: 	at DeluxeHub-3.5.5.jar//fun.lewisdev.deluxehub.module.ModuleManager.unloadModules(ModuleManager.java:92)
[14:42:38 WARN]: 	at DeluxeHub-3.5.5.jar//fun.lewisdev.deluxehub.DeluxeHubPlugin.onDisable(DeluxeHubPlugin.java:113)
[14:42:38 WARN]: 	at org.bukkit.plugin.java.JavaPlugin.setEnabled(JavaPlugin.java:286)
[14:42:38 WARN]: 	at io.papermc.paper.plugin.manager.PaperPluginInstanceManager.disablePlugin(PaperPluginInstanceManager.java:237)
[14:42:38 WARN]: 	at io.papermc.paper.plugin.manager.PaperPluginManagerImpl.disablePlugin(PaperPluginManagerImpl.java:114)
[14:42:38 WARN]: 	at org.bukkit.plugin.SimplePluginManager.disablePlugin(SimplePluginManager.java:550)
[14:42:38 WARN]: 	at io.papermc.paper.plugin.manager.PaperPluginInstanceManager.enablePlugin(PaperPluginInstanceManager.java:206)
[14:42:38 WARN]: 	at io.papermc.paper.plugin.manager.PaperPluginManagerImpl.enablePlugin(PaperPluginManagerImpl.java:109)
[14:42:38 WARN]: 	at org.bukkit.plugin.SimplePluginManager.enablePlugin(SimplePluginManager.java:520)
[14:42:38 WARN]: 	at org.bukkit.craftbukkit.CraftServer.enablePlugin(CraftServer.java:657)
[14:42:38 WARN]: 	at org.bukkit.craftbukkit.CraftServer.enablePlugins(CraftServer.java:606)
[14:42:38 WARN]: 	at net.minecraft.server.MinecraftServer.loadWorld0(MinecraftServer.java:743)
[14:42:38 WARN]: 	at net.minecraft.server.MinecraftServer.loadLevel(MinecraftServer.java:488)
[14:42:38 WARN]: 	at net.minecraft.server.dedicated.DedicatedServer.initServer(DedicatedServer.java:322)
[14:42:38 WARN]: 	at net.minecraft.server.MinecraftServer.runServer(MinecraftServer.java:1163)
[14:42:38 WARN]: 	at net.minecraft.server.MinecraftServer.lambda$spin$2(MinecraftServer.java:310)
[14:42:38 WARN]: 	at java.base/java.lang.Thread.run(Thread.java:1583)
[14:42:38 ERROR]: [DeluxeHub] There was an error unloading the VANISH module.
[14:42:38 INFO]: [floodgate] Enabling floodgate v2.2.4-SNAPSHOT (b116-0e3163c)
[14:42:38 INFO]: [ViaVersion] Enabling ViaVersion v5.3.2
[14:42:38 INFO]: [ViaVersion] ViaVersion detected server version: 1.21.4 (769)
[14:42:38 INFO]: [Essentials] Enabling Essentials v2.21.1-dev+14-3f5b122
[14:42:39 ERROR]: [Essentials] Vous utilisez une version de serveur non prise en charge !
[14:42:39 WARN]: [Essentials] Versions différentes ! Veuillez mettre EssentialsChat à la même version.
[14:42:39 INFO]: [Essentials] Attempting to convert old kits in config.yml to new kits.yml
[14:42:39 INFO]: [Essentials] No kits found to migrate.
[14:42:39 INFO]: [Essentials] Starting Essentials ban format conversion
[14:42:39 INFO]: [Essentials] Attempting to migrate ignore list to UUIDs
[14:42:39 INFO]: [Essentials] Attempting to migrate legacy userdata keys to Configurate
[14:42:39 INFO]: [Essentials] Selected Paper Server State Provider as the provider for ServerStateProvider
[14:42:39 INFO]: [Essentials] Selected 1.21+ InventoryView Interface ABI Provider as the provider for InventoryViewProvider
[14:42:39 INFO]: [Essentials] Selected 1.20.6+ Potion Meta Provider as the provider for PotionMetaProvider
[14:42:39 INFO]: [Essentials] Selected 1.8.3+ Spawner Item Provider as the provider for SpawnerItemProvider
[14:42:39 INFO]: [Essentials] Selected 1.14+ Sign Data Provider as the provider for SignDataProvider
[14:42:39 INFO]: [Essentials] Selected 1.17.1+ World Info Provider as the provider for WorldInfoProvider
[14:42:39 INFO]: [Essentials] Selected 1.20.4+ Damage Event Provider as the provider for DamageEventProvider
[14:42:39 INFO]: [Essentials] Selected 1.12+ Spawner Block Provider as the provider for SpawnerBlockProvider
[14:42:39 INFO]: [Essentials] Selected Reflection Formatted Command Alias Provider as the provider for FormattedCommandAliasProvider
[14:42:39 INFO]: [Essentials] Selected 1.14.4+ Persistent Data Container Provider as the provider for PersistentDataProvider
[14:42:39 INFO]: [Essentials] Selected 1.12.2+ Player Locale Provider as the provider for PlayerLocaleProvider
[14:42:39 INFO]: [Essentials] Selected Paper Tick Count Provider as the provider for TickCountProvider
[14:42:39 INFO]: [Essentials] Selected 1.11+ Item Unbreakable Provider as the provider for ItemUnbreakableProvider
[14:42:39 INFO]: [Essentials] Selected Reflection Online Mode Provider as the provider for OnlineModeProvider
[14:42:39 INFO]: [Essentials] Selected Paper Known Commands Provider as the provider for KnownCommandsProvider
[14:42:39 INFO]: [Essentials] Selected Paper Material Tag Provider as the provider for MaterialTagProvider
[14:42:39 INFO]: [Essentials] Selected Paper Container Provider as the provider for ContainerProvider
[14:42:39 INFO]: [Essentials] Selected 1.13+ Spawn Egg Provider as the provider for SpawnEggProvider
[14:42:39 INFO]: [Essentials] Selected Paper Biome Key Provider as the provider for BiomeKeyProvider
[14:42:39 INFO]: [Essentials] Selected 1.21.4+ Sync Commands Provider as the provider for SyncCommandsProvider
[14:42:39 INFO]: [Essentials] Selected 1.20.5+ Banner Data Provider as the provider for BannerDataProvider
[14:42:39 INFO]: [Essentials] Selected Paper Serialization Provider as the provider for SerializationProvider
[14:42:39 INFO]: [Essentials] Loaded 43517 items from items.json.
[14:42:39 INFO]: [Essentials] Using locale fr_CA
[14:42:39 INFO]: [Essentials] ServerListPingEvent: Spigot iterator API
[14:42:39 INFO]: [Essentials] Starting Metrics. Opt-out using the global bStats config.
[14:42:39 INFO]: [Vault] [Economy] Essentials Economy hooked.
[14:42:39 INFO]: [Essentials] Using Vault based permissions (GroupManager)
[14:42:39 INFO]: [Geyser-Spigot] Enabling Geyser-Spigot v2.7.1-SNAPSHOT
[14:42:39 INFO]: [EssentialsChat] Enabling EssentialsChat v2.21.0-dev+164-1a4d75c
[14:42:39 WARN]: [EssentialsChat] Versions différentes ! Veuillez mettre à jour tous les jars Essentials à la même version.
[14:42:39 INFO]: [EssentialsChat] Starting Metrics. Opt-out using the global bStats config.
[14:42:39 INFO]: [ViaBackwards] Enabling ViaBackwards v5.3.2
[14:42:39 INFO]: [EssentialsProtect] Enabling EssentialsProtect v2.21.1-dev+14-3f5b122
[14:42:39 INFO]: [EssentialsProtect] Continuing to enable Protect.
[14:42:39 INFO]: [EssentialsProtect] Starting Metrics. Opt-out using the global bStats config.
[14:42:39 INFO]: [ChunkLoader] Enabling ChunkLoader v3.2.1
[14:42:39 INFO]: ChunkLoader >> Enabled Paper version.
[14:42:39 INFO]: ChunkLoader >> messages_en file was loaded successfully.
[14:42:39 INFO]: 
[14:42:39 INFO]:  ChunkLoader use InventoryAPI developed by KayTeam
[14:42:39 INFO]: 
[14:42:39 INFO]:  Website: https://kayteam.org
[14:42:39 INFO]:  Github: https://github.com/KayTeam-Studio/inventory-api
[14:42:39 INFO]: 
[14:42:39 INFO]: 
[14:42:39 INFO]: * ChunkLoader Enabled
[14:42:39 INFO]: *
[14:42:39 INFO]: * Version: 3.2.1
[14:42:39 INFO]: * Author: KayTeam
[14:42:39 INFO]: * Website: https://kayteam.org
[14:42:39 INFO]: *
[14:42:39 INFO]: * I like the bread!
[14:42:39 INFO]: 
[14:42:39 INFO]: [EconomyShopGUI] Enabling EconomyShopGUI v6.10.2
[14:42:39 INFO]: [EconomyShopGUI] [INFO]: Using lang-en.yml as language file.
[14:42:39 INFO]: [EconomyShopGUI] [INFO]: Completed loading 16 section configs from /sections/
[14:42:39 INFO]: [EconomyShopGUI] [INFO]: Completed loading 16 shop configs from /shops/
[14:42:39 INFO]: [EconomyShopGUI] [INFO]: Updating Shop settings...
[14:42:39 INFO]: [EconomyShopGUI] [INFO]: Successfully hooked into Vault and using EssentialsX Economy as economy provider
[14:42:39 INFO]: [EconomyShopGUI] [INFO]: Completed loading 1 economy provider(s) for all 14 shop sections.
[14:42:39 INFO]: [EconomyShopGUI] [INFO]: Using minecraft version 1.21.4...
[14:42:39 INFO]: [EconomyShopGUI] [INFO]: Spawner provider set to AUTO in config
[14:42:39 INFO]: [EconomyShopGUI] [INFO]: Automatically searching for compatible spawner provider....
[14:42:39 INFO]: [EconomyShopGUI] [INFO]: Failed to automatically find compatible spawner provider, using default...
[14:42:39 INFO]: [PlaceholderAPI] Successfully registered internal expansion: esgui [1.0.0]
[14:42:39 INFO]: [EconomyShopGUI] [INFO]: Debug mode is enabled.
[14:42:39 INFO]: [EconomyShopGUI] [INFO]: Loading all items...
[14:42:40 INFO]: [EconomyShopGUI] [INFO]: Initialized - Took 141ms to complete
[14:42:40 INFO]: [DiscordSRV] Enabling DiscordSRV v1.29.0
[14:42:40 INFO]: [Multiverse-Inventories] Enabling Multiverse-Inventories v4.2.6
[14:42:40 INFO]: [Multiverse-Inventories 4.2.6] enabled.
[14:42:40 INFO]: [HeadsPlus] Enabling HeadsPlus v7.1.5
[14:42:40 INFO]: [HeadsPlus] Using the PaperProfileHandler profile handler.
[14:42:40 ERROR]: [DiscordSRV] No bot token has been set in the config; a bot token is required to connect to Discord.
[14:42:40 INFO]: [EconomyShopGUI] [INFO]: There is an update available for EconomyShopGUI, you are running v6.10.2 but found v6.16.3.
[14:42:40 INFO]: [EconomyShopGUI] [INFO]: Download at: https://www.spigotmc.org/resources/economyshopgui.69927/
[14:42:40 INFO]: [HeadsPlus] Registered 438 heads.
[14:42:40 INFO]: [HeadsPlus] Registered 3 masks.
[14:42:40 INFO]: [PlaceholderAPI] Successfully registered internal expansion: headsplus [7.1.5]
[14:42:40 INFO]: [HeadsPlus] We've registered our PAPI placeholders!
[14:42:40 INFO]: HeadsPlus »  HeadsPlus has been enabled!
[14:42:40 INFO]:     __  __               __     ____  __                   _____
[14:42:40 INFO]:    / / / /__  ____ _____/ /____/ __ \/ /_  _______   _   _/__  /
[14:42:40 INFO]:   / /_/ / _ \/ __ `/ __  / ___/ /_/ / / / / / ___/  | | / / / / 
[14:42:40 INFO]:  / __  /  __/ /_/ / /_/ /__  / ____/ / /_/ /__  /   | |/ / / /  
[14:42:40 INFO]: /_/ /_/\___/\__,_/\__,_/____/_/   /_/\__,_/____/    |___/ /_/  
[14:42:40 INFO]:                                                                 
[14:42:40 INFO]: HeadsPlus 7.1.5 has been enabled successfully!
[14:42:40 INFO]: 
[14:42:40 INFO]: [spark] Starting background profiler...
[14:42:41 INFO]: [PlaceholderAPI] Placeholder expansion registration initializing...
[14:42:41 INFO]: 0 placeholder hook(s) registered!
[14:42:41 INFO]: [Geyser-Spigot] ******************************************
[14:42:41 INFO]: [Geyser-Spigot] 
[14:42:41 INFO]: [Geyser-Spigot] Chargement Geyser version 2.7.1-b834 (git-master-7c47459)
[14:42:41 INFO]: [Geyser-Spigot] 
[14:42:41 INFO]: [Geyser-Spigot] ******************************************
[14:42:41 WARN]: [DiscordSRV] 

The current build of DiscordSRV is outdated by 58 commits! Get the latest build at your favorite distribution center.

Spigot: https://www.spigotmc.org/resources/discordsrv.18494/
Github: https://github.com/DiscordSRV/DiscordSRV/releases
Direct Download: https://get.discordsrv.com

[14:42:42 INFO]: [Geyser-Spigot] Geyser a démarré sur le port UDP 19132
[14:42:42 INFO]: [Geyser-Spigot] Terminé (1,566s) ! Exécuter /geyser help pour de l'aide !
[14:42:42 INFO]: Done preparing level "world" (6.053s)
[14:42:42 INFO]: Running delayed init tasks
[14:42:42 INFO]: [ViaVersion] Finished mapping loading, shutting down loader executor.
[14:42:42 INFO]: [Essentials] Récupération des informations de version...
[14:42:42 INFO]: [BentoBox] Hooking with Vault...
[14:42:42 WARN]: [HeadsPlus] Head with ID creaking not found.
[14:42:42 INFO]: [BentoBox] Hooking with PlaceholderAPI...
[14:42:42 WARN]: [HeadsPlus] Head with ID BLACK_rabbit not found.
[14:42:42 WARN]: [HeadsPlus] Head with ID BLACK_AND_WHITE_rabbit not found.
[14:42:42 WARN]: [HeadsPlus] Head with ID BROWN_rabbit not found.
[14:42:42 INFO]: [Vault] Checking for Updates ... 
[14:42:42 WARN]: [HeadsPlus] Head with ID GOLD_rabbit not found.
[14:42:42 WARN]: [HeadsPlus] Head with ID SALT_AND_PEPPER_rabbit not found.
[14:42:42 WARN]: [HeadsPlus] Head with ID THE_KILLER_BUNNY_rabbit not found.
[14:42:42 WARN]: [HeadsPlus] Head with ID WHITE_rabbit not found.
[14:42:42 INFO]: [HeadsPlus] Registered 1 rewards.
[14:42:42 INFO]: [PlaceholderAPI] Successfully registered internal expansion: bentobox [3.2.3]
[14:42:42 INFO]: [HeadsPlus] Registered 36 levels.
[14:42:42 INFO]: [BentoBox] Loading islands from database...
[14:42:42 INFO]: [BentoBox] Hooking with Multiverse-Core...
[14:42:42 INFO]: 
  ____             _        ____
 |  _ \           | |      |  _ \             by tastybento and Poslovitch
 | |_) | ___ _ __ | |_ ___ | |_) | _____  __  2017 - 2023
 |  _ < / _ \ '_ \| __/ _ \|  _ < / _ \ \/ /
 | |_) |  __/ | | | || (_) | |_) | (_) >  <   v3.2.3
 |____/ \___|_| |_|\__\___/|____/ \___/_/\_\  Loaded in 434ms.

[14:42:42 INFO]: [Essentials] Essentials found a compatible payment resolution method: Vault Compatibility Layer (v1.7.3-b131)!
[14:42:42 INFO]: [DiscordSRV] Disabling DiscordSRV v1.29.0
[14:42:42 INFO]: [Geyser-Spigot] Une nouvelle mise à jour est disponible pour Geyser pour prendre en charge la version Bedrock 26.3. Téléchargez-la ici : https://geysermc.org/download
[14:42:42 INFO]: [GroupManager] Bukkit Permissions Updated!
[14:42:42 INFO]: [Multiverse-Inventories] First run!
[14:42:42 INFO]: [BentoBox] All blueprints loaded.
[14:42:42 INFO]: [PlaceholderAPI] An update for PlaceholderAPI (v2.12.2) is available at:
[14:42:42 INFO]: [PlaceholderAPI] https://www.spigotmc.org/resources/placeholderapi.6245/
[14:42:42 INFO]: Done (82.676s)! For help, type "help"
[14:42:42 INFO]: [Vault] No new version available
[14:42:42 INFO]: [GroupManager] No new version available
[14:42:42 WARN]: [ViaVersion] There is a newer plugin version available: 5.7.2, you're on: 5.3.2
[14:42:42 INFO]: HeadsPlus »  Current version: 7.1.5
HeadsPlus »  New version: 7.1.6
HeadsPlus »  Description: Important Database Fix, 1.21.5 Variant Support and other fixes
[14:42:42 INFO]: [HeadsPlus] Download link: https://www.spigotmc.org/resources/headsplus-1-8-x-1-12-x.40265/
[14:42:42 WARN]: [Essentials] Vous êtes en retard de 114 version(s) de développement d‘EssentialsX !
[14:42:42 WARN]: [Essentials] Téléchargez-la ici : https://essentialsx.net/downloads.html
[14:42:43 INFO]: [HeadsPlus] Avengers, assemble!
[14:42:43 INFO]: [BentoBox] Downloading data from GitHub...
[14:42:43 INFO]: [BentoBox] Updating the Catalog...
[14:42:43 INFO]: [BentoBox] Updating Contributors information...
[14:42:43 INFO]: [BentoBox] Gathering contribution data for: BentoBoxWorld/BentoBox
[14:55:34 INFO]: [BentoBox] Successfully downloaded data from GitHub.
[17:06:26 WARN]: [Geyser-Spigot] Got an error
java.net.NoRouteToHostException: No route to host
	at java.base/sun.nio.ch.Net.connect0(Native Method) ~[?:?]
	at java.base/sun.nio.ch.Net.connect(Net.java:601) ~[?:?]
	at java.base/sun.nio.ch.Net.connect(Net.java:590) ~[?:?]
	at java.base/sun.nio.ch.NioSocketImpl.connect(NioSocketImpl.java:583) ~[?:?]
	at java.base/java.net.Socket.connect(Socket.java:751) ~[?:?]
	at Geyser-Spigot.jar/org.java_websocket.client.WebSocketClient.run(WebSocketClient.java:461) ~[Geyser-Spigot.jar:?]
	at java.base/java.lang.Thread.run(Thread.java:1583) ~[?:?]
[17:06:46 WARN]: [Geyser-Spigot] Got an error
java.net.NoRouteToHostException: No route to host
	at java.base/sun.nio.ch.Net.connect0(Native Method) ~[?:?]
	at java.base/sun.nio.ch.Net.connect(Net.java:601) ~[?:?]
	at java.base/sun.nio.ch.Net.connect(Net.java:590) ~[?:?]
	at java.base/sun.nio.ch.NioSocketImpl.connect(NioSocketImpl.java:583) ~[?:?]
	at java.base/java.net.Socket.connect(Socket.java:751) ~[?:?]
	at Geyser-Spigot.jar/org.java_websocket.client.WebSocketClient.run(WebSocketClient.java:461) ~[Geyser-Spigot.jar:?]
	at java.base/java.lang.Thread.run(Thread.java:1583) ~[?:?]
[17:40:18 WARN]: [Geyser-Spigot] Got an error
java.net.NoRouteToHostException: No route to host
	at java.base/sun.nio.ch.Net.connect0(Native Method) ~[?:?]
	at java.base/sun.nio.ch.Net.connect(Net.java:601) ~[?:?]
	at java.base/sun.nio.ch.Net.connect(Net.java:590) ~[?:?]
	at java.base/sun.nio.ch.NioSocketImpl.connect(NioSocketImpl.java:583) ~[?:?]
	at java.base/java.net.Socket.connect(Socket.java:751) ~[?:?]
	at Geyser-Spigot.jar/org.java_websocket.client.WebSocketClient.run(WebSocketClient.java:461) ~[Geyser-Spigot.jar:?]
	at java.base/java.lang.Thread.run(Thread.java:1583) ~[?:?]
[20:18:39 WARN]: Can't keep up! Is the server overloaded? Running 3179ms or 63 ticks behind
[08:00:22 INFO]: Stopping server
[08:00:22 INFO]: [HeadsPlus] Disabling HeadsPlus v7.1.5
[08:00:22 INFO]: [HeadsPlus] §cHeadsPlus §8» §7 HeadsPlus has been disabled!
[08:00:22 INFO]: [Multiverse-Inventories] Disabling Multiverse-Inventories v4.2.6
[08:00:22 INFO]: [ViaRewind] Disabling ViaRewind v4.0.7
[08:00:22 INFO]: [EconomyShopGUI] Disabling EconomyShopGUI v6.10.2
[08:00:22 INFO]: [ChunkLoader] Disabling ChunkLoader v3.2.1
[08:00:22 INFO]: 
[08:00:22 INFO]: * ChunkLoader Disabled
[08:00:22 INFO]: *
[08:00:22 INFO]: * Version: 3.2.1
[08:00:22 INFO]: * Author: KayTeam
[08:00:22 INFO]: * Website: https://kayteam.org
[08:00:22 INFO]: *
[08:00:22 INFO]: * I like the bread!
[08:00:22 INFO]: 
[08:00:22 INFO]: [EssentialsProtect] Disabling EssentialsProtect v2.21.1-dev+14-3f5b122
[08:00:22 INFO]: [ViaBackwards] Disabling ViaBackwards v5.3.2
[08:00:22 INFO]: [EssentialsChat] Disabling EssentialsChat v2.21.0-dev+164-1a4d75c
[08:00:22 INFO]: [Geyser-Spigot] Disabling Geyser-Spigot v2.7.1-SNAPSHOT
[08:00:22 INFO]: [Geyser-Spigot] Arrêter Geyser.
[08:00:22 INFO]: [Geyser-Spigot] L'arrêt de Geyser a réussi.
[08:00:22 INFO]: [Essentials] Disabling Essentials v2.21.1-dev+14-3f5b122
[08:00:22 INFO]: [Vault] [Economy] Essentials Economy unhooked.
[08:00:22 INFO]: [ViaVersion] Disabling ViaVersion v5.3.2
[08:00:22 INFO]: [ViaVersion] ViaVersion has been disabled; uninjected the platform and shut down the scheduler.
[08:00:22 INFO]: [floodgate] Disabling floodgate v2.2.4-SNAPSHOT (b116-0e3163c)
[08:00:22 INFO]: [Multiverse-Core] Disabling Multiverse-Core v4.3.13
[08:00:22 INFO]: [BentoBox] Disabling BentoBox v3.2.3
[08:00:22 INFO]: [BentoBox] Removing coops from islands...
[08:00:22 INFO]: [BentoBox] Saving islands - this has to be done sync so it may take a while with a lot of islands...
[08:00:22 INFO]: [BentoBox] Islands saved.
[08:00:22 INFO]: [BentoBox] Closing database.
[08:00:22 INFO]: [dynmap] Disabling dynmap v3.7-SNAPSHOT-968
[08:00:22 INFO]: [dynmap] Unloaded 11 components.
[08:00:22 INFO]: [dynmap] Stopping map renderer...
[08:00:23 INFO]: [dynmap] Disabled
[08:00:23 INFO]: [GroupManager] Disabling GroupManager v3.2 (Phoenix)
[08:00:23 INFO]: [Vault][Permission] GroupManager un-hooked.
[08:00:23 INFO]: [Vault] [Vault][Chat] GroupManager - Chat un-hooked.
[08:00:23 WARN]: [GroupManager] Scheduled Data Saving is Disabled!
[08:00:23 INFO]: [GroupManager] version 3.2 (Phoenix) is disabled!
[08:00:23 INFO]: [Vault] Disabling Vault v1.7.3-b131
[08:00:23 INFO]: [PlaceholderAPI] Disabling PlaceholderAPI v2.11.6
[08:00:23 INFO]: Saving players
[08:00:23 INFO]: Saving worlds
[08:00:23 INFO]: Saving chunks for level 'ServerLevel[world]'/minecraft:overworld
[08:00:23 INFO]: [ChunkHolderManager] Waiting 60s for chunk system to halt for world 'world'
[08:00:23 INFO]: [ChunkHolderManager] Halted chunk system for world 'world'
[08:00:23 INFO]: [ChunkHolderManager] Saving all chunkholders for world 'world'
[08:00:23 INFO]: [ChunkHolderManager] Saved 0 block chunks, 33 entity chunks, 0 poi chunks in world 'world' in 0,07s
[08:00:23 INFO]: [ChunkHolderManager] Waiting 60s for chunk I/O to halt for world 'world'
[08:00:23 INFO]: [ChunkHolderManager] Halted I/O scheduler for world 'world'
[08:00:23 INFO]: Saving chunks for level 'ServerLevel[world_nether]'/minecraft:the_nether
[08:00:23 INFO]: [ChunkHolderManager] Waiting 60s for chunk system to halt for world 'world_nether'
[08:00:23 INFO]: [ChunkHolderManager] Halted chunk system for world 'world_nether'
[08:00:23 INFO]: [ChunkHolderManager] Saving all chunkholders for world 'world_nether'
[08:00:23 INFO]: [ChunkHolderManager] Saved 0 block chunks, 9 entity chunks, 0 poi chunks in world 'world_nether' in 0,04s
[08:00:23 INFO]: [ChunkHolderManager] Waiting 60s for chunk I/O to halt for world 'world_nether'
[08:00:23 INFO]: [ChunkHolderManager] Halted I/O scheduler for world 'world_nether'
[08:00:23 INFO]: Saving chunks for level 'ServerLevel[world_the_end]'/minecraft:the_end
[08:00:23 INFO]: [ChunkHolderManager] Waiting 60s for chunk system to halt for world 'world_the_end'
[08:00:23 INFO]: [ChunkHolderManager] Halted chunk system for world 'world_the_end'
[08:00:23 INFO]: [ChunkHolderManager] Saving all chunkholders for world 'world_the_end'
[08:00:23 INFO]: [ChunkHolderManager] Saved 8 block chunks, 29 entity chunks, 0 poi chunks in world 'world_the_end' in 0,04s
[08:00:23 INFO]: [ChunkHolderManager] Waiting 60s for chunk I/O to halt for world 'world_the_end'
[08:00:23 INFO]: [ChunkHolderManager] Halted I/O scheduler for world 'world_the_end'
[08:00:23 INFO]: ThreadedAnvilChunkStorage (world): All chunks are saved
[08:00:23 INFO]: ThreadedAnvilChunkStorage (DIM-1): All chunks are saved
[08:00:23 INFO]: ThreadedAnvilChunkStorage (DIM1): All chunks are saved
[08:00:23 INFO]: ThreadedAnvilChunkStorage: All dimensions are saved
[08:00:23 INFO]: Waiting for I/O tasks to complete...
[08:00:23 INFO]: All I/O tasks to complete
[08:00:23 INFO]: [MoonriseCommon] Awaiting termination of worker pool for up to 60s...
[08:00:23 INFO]: [MoonriseCommon] Awaiting termination of I/O pool for up to 60s...
